Archive member included to satisfy reference by file (symbol)

/opt/devkitpro/libctru/lib/libctru.a(console.o)
                              main.o (consoleSelect)
/opt/devkitpro/libctru/lib/libctru.a(gfx.o)
                              /opt/devkitpro/libctru/lib/libctru.a(console.o) (gfxIsWide)
/opt/devkitpro/libctru/lib/libctru.a(gspgpu.o)
                              /opt/devkitpro/libctru/lib/libctru.a(gfx.o) (gspInit)
/opt/devkitpro/libctru/lib/libctru.a(apt.o)
                              main.o (aptMainLoop)
/opt/devkitpro/libctru/lib/libctru.a(hid.o)
                              main.o (hidScanInput)
/opt/devkitpro/libctru/lib/libctru.a(ctru_init.o)
                              /opt/devkitpro/libctru/lib/libctru.a(apt.o) (__system_retAddr)
/opt/devkitpro/libctru/lib/libctru.a(initArgv.o)
                              /opt/devkitpro/libctru/lib/libctru.a(ctru_init.o) (__system_initArgv)
/opt/devkitpro/libctru/lib/libctru.a(svc.o)
                              /opt/devkitpro/libctru/lib/libctru.a(apt.o) (svcSleepThread)
/opt/devkitpro/libctru/lib/libctru.a(stack_adjust.o)
                              /opt/devkitpro/devkitARM/bin/../lib/gcc/arm-none-eabi/12.1.0/../../../../arm-none-eabi/lib/armv6k/fpu/3dsx_crt0.o (initSystem)
/opt/devkitpro/libctru/lib/libctru.a(default_font.bin.o)
                              /opt/devkitpro/libctru/lib/libctru.a(console.o) (default_font_bin)
/opt/devkitpro/libctru/lib/libctru.a(vram.o)
                              /opt/devkitpro/libctru/lib/libctru.a(gfx.o) (vramAlloc)
/opt/devkitpro/libctru/lib/libctru.a(linear.o)
                              /opt/devkitpro/libctru/lib/libctru.a(gfx.o) (linearAlloc)
/opt/devkitpro/libctru/lib/libctru.a(mem_pool.o)
                              /opt/devkitpro/libctru/lib/libctru.a(vram.o) (MemPool::Allocate(MemChunk&, unsigned long, int))
/opt/devkitpro/libctru/lib/libctru.a(synchronization.o)
                              /opt/devkitpro/libctru/lib/libctru.a(ctru_init.o) (__sync_init)
/opt/devkitpro/libctru/lib/libctru.a(os.o)
                              /opt/devkitpro/libctru/lib/libctru.a(apt.o) (__ctru_speedup_config)
/opt/devkitpro/libctru/lib/libctru.a(3dslink.o)
                              /opt/devkitpro/libctru/lib/libctru.a(initArgv.o) (__3dslink_host)
/opt/devkitpro/libctru/lib/libctru.a(srv.o)
                              /opt/devkitpro/libctru/lib/libctru.a(apt.o) (srvInit)
/opt/devkitpro/libctru/lib/libctru.a(thread.o)
                              /opt/devkitpro/libctru/lib/libctru.a(gspgpu.o) (threadCreate)
/opt/devkitpro/libctru/lib/libctru.a(mappable.o)
                              /opt/devkitpro/libctru/lib/libctru.a(gspgpu.o) (mappableAlloc)
/opt/devkitpro/libctru/lib/libctru.a(irrst.o)
                              /opt/devkitpro/libctru/lib/libctru.a(hid.o) (irrstInit)
/opt/devkitpro/libctru/lib/libctru.a(srvpm.o)
                              /opt/devkitpro/libctru/lib/libctru.a(srv.o) (srvPmGetSessionHandle)
/opt/devkitpro/libctru/lib/libctru.a(ptmsysm.o)
                              /opt/devkitpro/libctru/lib/libctru.a(os.o) (ptmSysmInit)
/opt/devkitpro/libctru/lib/libctru.a(soc_socket.o)
                              /opt/devkitpro/libctru/lib/libctru.a(3dslink.o) (socket)
/opt/devkitpro/libctru/lib/libctru.a(soc_connect.o)
                              /opt/devkitpro/libctru/lib/libctru.a(3dslink.o) (connect)
/opt/devkitpro/libctru/lib/libctru.a(soc_common.o)
                              /opt/devkitpro/libctru/lib/libctru.a(soc_socket.o) (_net_convert_error)
/opt/devkitpro/libctru/lib/libctru.a(rbtree_init.o)
                              /opt/devkitpro/libctru/lib/libctru.a(vram.o) (rbtree_init)
/opt/devkitpro/libctru/lib/libctru.a(rbtree_insert.o)
                              /opt/devkitpro/libctru/lib/libctru.a(vram.o) (rbtree_insert)
/opt/devkitpro/libctru/lib/libctru.a(rbtree_rotate.o)
                              /opt/devkitpro/libctru/lib/libctru.a(rbtree_insert.o) (rbtree_rotate)
/opt/devkitpro/libctru/lib/libctru.a(rbtree_remove.o)
                              /opt/devkitpro/libctru/lib/libctru.a(vram.o) (rbtree_remove)
/opt/devkitpro/libctru/lib/libctru.a(rbtree_find.o)
                              /opt/devkitpro/libctru/lib/libctru.a(vram.o) (rbtree_find)
/opt/devkitpro/libctru/lib/libctru.a(appInit.o)
                              /opt/devkitpro/libctru/lib/libctru.a(stack_adjust.o) (__appInit)
/opt/devkitpro/libctru/lib/libctru.a(syscalls.o)
                              /opt/devkitpro/libctru/lib/libctru.a(thread.o) (initThreadVars)
/opt/devkitpro/libctru/lib/libctru.a(allocateHeaps.o)
                              /opt/devkitpro/libctru/lib/libctru.a(ctru_init.o) (__system_allocateHeaps)
/opt/devkitpro/libctru/lib/libctru.a(appExit.o)
                              /opt/devkitpro/libctru/lib/libctru.a(stack_adjust.o) (__appExit)
/opt/devkitpro/libctru/lib/libctru.a(ctru_exit.o)
[...]
Memory Configuration

Name             Origin             Length             Attributes
*default*        0x0000000000000000 0xffffffffffffffff

Linker script and memory map

                0x0000000000100000                PROVIDE (__start__ = 0x100000)
                0x0000000000100000                . = __start__

.text           0x0000000000100000    0x20c80
 *(.crt0)
 .crt0          0x0000000000100000       0x94 /opt/devkitpro/devkitARM/bin/../lib/gcc/arm-none-eabi/12.1.0/../../../../arm-none-eabi/lib/armv6k/fpu/3dsx_crt0.o
                0x0000000000100000                _start
                0x0000000000100008                __service_ptr
                0x000000000010000c                __apt_appid
                0x0000000000100010                __heap_size
                0x0000000000100014                __linear_heap_size
                0x0000000000100018                __system_arglist
                0x000000000010001c                __system_runflags
 *(.init)
 .init          0x0000000000100094        0xc /opt/devkitpro/devkitARM/bin/../lib/gcc/arm-none-eabi/12.1.0/armv6k/fpu/crti.o
                0x0000000000100094                _init
 .init          0x00000000001000a0        0xc /opt/devkitpro/devkitARM/bin/../lib/gcc/arm-none-eabi/12.1.0/armv6k/fpu/crtn.o
                0x00000000001000ac                . = ALIGN (0x4)
 *(.text)
 .text          0x00000000001000ac      0x240 /opt/devkitpro/devkitARM/bin/../lib/gcc/arm-none-eabi/12.1.0/armv6k/fpu/libgcc.a(_divsi3.o)
                0x00000000001000ac                __aeabi_idiv
                0x00000000001000ac                __divsi3
                0x00000000001002cc                __aeabi_idivmod
 .text          0x00000000001002ec        0x4 /opt/devkitpro/devkitARM/bin/../lib/gcc/arm-none-eabi/12.1.0/armv6k/fpu/libgcc.a(_dvmd_tls.o)
                0x00000000001002ec                __aeabi_ldiv0
                0x00000000001002ec                __aeabi_idiv0
 .text          0x00000000001002f0       0x3c /opt/devkitpro/devkitARM/bin/../lib/gcc/arm-none-eabi/12.1.0/armv6k/fpu/libgcc.a(_aeabi_uldivmod.o)
                0x00000000001002f0                __aeabi_uldivmod
 *fill*         0x000000000010032c       0x14 
 .text          0x0000000000100340      0x390 /opt/devkitpro/devkitARM/bin/../lib/gcc/arm-none-eabi/12.1.0/../../../../arm-none-eabi/lib/armv6k/fpu/libg.a(lib_a-strcmp.o)
                0x0000000000100348                strcmp
 .text          0x00000000001006d0      0x20c /opt/devkitpro/devkitARM/bin/../lib/gcc/arm-none-eabi/12.1.0/armv6k/fpu/libgcc.a(_udivsi3.o)
                0x00000000001006d0                __udivsi3
                0x00000000001006d0                __aeabi_uidiv
                0x00000000001008bc                __aeabi_uidivmod
 .text          0x00000000001008dc      0x3c0 /opt/devkitpro/devkitARM/bin/../lib/gcc/arm-none-eabi/12.1.0/armv6k/fpu/libgcc.a(_arm_addsubdf3.o)
                0x00000000001008dc                __aeabi_drsub
                0x00000000001008e4                __subdf3
                0x00000000001008e4                __aeabi_dsub
                0x00000000001008e8                __aeabi_dadd
                0x00000000001008e8                __adddf3
                0x0000000000100b94                __aeabi_ui2d
                0x0000000000100b94                __floatunsidf
                0x0000000000100bb8                __floatsidf
                0x0000000000100bb8                __aeabi_i2d
                0x0000000000100be0                __extendsfdf2
                0x0000000000100be0                __aeabi_f2d
                0x0000000000100c28                __aeabi_ul2d
                0x0000000000100c28                __floatundidf
                0x0000000000100c3c                __aeabi_l2d
                0x0000000000100c3c                __floatdidf
 *(.text.*)
 .text.__do_global_dtors_aux
                0x0000000000100c9c       0x40 /opt/devkitpro/devkitARM/bin/../lib/gcc/arm-none-eabi/12.1.0/armv6k/fpu/crtbegin.o
 .text.frame_dummy
                0x0000000000100cdc       0x2c /opt/devkitpro/devkitARM/bin/../lib/gcc/arm-none-eabi/12.1.0/armv6k/fpu/crtbegin.o
 .text.startup.main
                0x0000000000100d08       0xa4 main.o
                0x0000000000100d08                main
 .text.parseColor
                0x0000000000100dac      0x1e8 /opt/devkitpro/libctru/lib/libctru.a(console.o)
 .text.consoleSelect
                0x0000000000100f94       0x18 /opt/devkitpro/libctru/lib/libctru.a(console.o)
                0x0000000000100f94                consoleSelect
 .text.consoleDrawChar
                0x0000000000100fac      0x1ac /opt/devkitpro/libctru/lib/libctru.a(console.o)
                0x0000000000100fac                consoleDrawChar
 .text.consolePrintChar
                0x0000000000101158      0x124 /opt/devkitpro/libctru/lib/libctru.a(console.o)
                0x0000000000101158                consolePrintChar
 .text.con_write
                0x000000000010127c      0xb94 /opt/devkitpro/libctru/lib/libctru.a(console.o)
                0x000000000010127c                con_write
 .text.newRow   0x0000000000101e10       0xfc /opt/devkitpro/libctru/lib/libctru.a(console.o)
 .text.consoleInit
                0x0000000000101f0c      0x168 /opt/devkitpro/libctru/lib/libctru.a(console.o)
                0x0000000000101f0c                consoleInit
 .text.gfxPresentFramebuffer
                0x0000000000102074       0xd0 /opt/devkitpro/libctru/lib/libctru.a(gfx.o)
 .text.gfxIsWide
                0x0000000000102144       0x1c /opt/devkitpro/libctru/lib/libctru.a(gfx.o)
                0x0000000000102144                gfxIsWide
 .text.gfxSetScreenFormat
                0x0000000000102160       0xec /opt/devkitpro/libctru/lib/libctru.a(gfx.o)
                0x0000000000102160                gfxSetScreenFormat
 .text.gfxSetDoubleBuffering
                0x000000000010224c       0x10 /opt/devkitpro/libctru/lib/libctru.a(gfx.o)
                0x000000000010224c                gfxSetDoubleBuffering
 .text.gfxInit  0x000000000010225c       0xe0 /opt/devkitpro/libctru/lib/libctru.a(gfx.o)
                0x000000000010225c                gfxInit
 .text.gfxInitDefault
                0x000000000010233c       0x10 /opt/devkitpro/libctru/lib/libctru.a(gfx.o)
                0x000000000010233c                gfxInitDefault
 .text.gfxExit  0x000000000010234c       0xb4 /opt/devkitpro/libctru/lib/libctru.a(gfx.o)
                0x000000000010234c                gfxExit
 .text.gfxGetFramebuffer
                0x0000000000102400       0xa0 /opt/devkitpro/libctru/lib/libctru.a(gfx.o)
                0x0000000000102400                gfxGetFramebuffer
 .text.gfxFlushBuffers
                0x00000000001024a0      0x104 /opt/devkitpro/libctru/lib/libctru.a(gfx.o)
                0x00000000001024a0                gfxFlushBuffers
 .text.gfxSwapBuffers
                0x00000000001025a4       0x50 /opt/devkitpro/libctru/lib/libctru.a(gfx.o)
                0x00000000001025a4                gfxSwapBuffers
 .text.gfxSwapBuffersGpu
                0x00000000001025f4       0x50 /opt/devkitpro/libctru/lib/libctru.a(gfx.o)
                0x00000000001025f4                gfxSwapBuffersGpu
 .text.gspHardwareInit
                0x0000000000102644      0xc58 /opt/devkitpro/libctru/lib/libctru.a(gspgpu.o)
 .text.gspInit  0x000000000010329c      0x248 /opt/devkitpro/libctru/lib/libctru.a(gspgpu.o)
                0x000000000010329c                gspInit
 .text.gspExit  0x00000000001034e4       0xf0 /opt/devkitpro/libctru/lib/libctru.a(gspgpu.o)
                0x00000000001034e4                gspExit
 .text.gspHasGpuRight
                0x00000000001035d4       0x10 /opt/devkitpro/libctru/lib/libctru.a(gspgpu.o)
                0x00000000001035d4                gspHasGpuRight
 .text.gspPresentBuffer
                0x00000000001035e4       0xa0 /opt/devkitpro/libctru/lib/libctru.a(gspgpu.o)
                0x00000000001035e4                gspPresentBuffer
 .text.gspWaitForEvent
                0x0000000000103684       0x44 /opt/devkitpro/libctru/lib/libctru.a(gspgpu.o)
                0x0000000000103684                gspWaitForEvent
 .text.gxCmdQueueInterrupt
                0x00000000001036c8        0x4 /opt/devkitpro/libctru/lib/libctru.a(gspgpu.o)
                0x00000000001036c8                gxCmdQueueInterrupt
 .text.gspEventThreadMain
                0x00000000001036cc      0x158 /opt/devkitpro/libctru/lib/libctru.a(gspgpu.o)
 .text.GSPGPU_FlushDataCache
                0x0000000000103824       0x50 /opt/devkitpro/libctru/lib/libctru.a(gspgpu.o)
                0x0000000000103824                GSPGPU_FlushDataCache
 .text.GSPGPU_SetLcdForceBlack
                0x0000000000103874       0x34 /opt/devkitpro/libctru/lib/libctru.a(gspgpu.o)
                0x0000000000103874                GSPGPU_SetLcdForceBlack
 .text.GSPGPU_AcquireRight
                0x00000000001038a8       0x68 /opt/devkitpro/libctru/lib/libctru.a(gspgpu.o)
                0x00000000001038a8                GSPGPU_AcquireRight
 .text.GSPGPU_ReleaseRight
                0x0000000000103910       0x48 /opt/devkitpro/libctru/lib/libctru.a(gspgpu.o)
                0x0000000000103910                GSPGPU_ReleaseRight
 .text.GSPGPU_ImportDisplayCaptureInfo
                0x0000000000103958       0x7c /opt/devkitpro/libctru/lib/libctru.a(gspgpu.o)
                0x0000000000103958                GSPGPU_ImportDisplayCaptureInfo
 .text.GSPGPU_SaveVramSysArea
                0x00000000001039d4       0x2c /opt/devkitpro/libctru/lib/libctru.a(gspgpu.o)
                0x00000000001039d4                GSPGPU_SaveVramSysArea
 .text.GSPGPU_RestoreVramSysArea
                0x0000000000103a00       0x2c /opt/devkitpro/libctru/lib/libctru.a(gspgpu.o)
                0x0000000000103a00                GSPGPU_RestoreVramSysArea
 .text.aptConvertScreenForCapture
                0x0000000000103a2c      0x1a4 /opt/devkitpro/libctru/lib/libctru.a(apt.o)
 .text.aptDspSleep
                0x0000000000103bd0        0x8 /opt/devkitpro/libctru/lib/libctru.a(apt.o)
                0x0000000000103bd0                aptDspSleep
 .text.aptDspWakeup
                0x0000000000103bd8        0x4 /opt/devkitpro/libctru/lib/libctru.a(apt.o)
                0x0000000000103bd8                aptDspWakeup
 .text.aptDspCancel
                0x0000000000103bdc        0x4 /opt/devkitpro/libctru/lib/libctru.a(apt.o)
                0x0000000000103bdc                aptDspCancel
 .text.aptSendCommand
                0x0000000000103be0      0x158 /opt/devkitpro/libctru/lib/libctru.a(apt.o)
                0x0000000000103be0                aptSendCommand
 .text.aptExitProcess
                0x0000000000103d38       0x44 /opt/devkitpro/libctru/lib/libctru.a(apt.o)
 .text.aptExit  0x0000000000103d7c      0x2f4 /opt/devkitpro/libctru/lib/libctru.a(apt.o)
                0x0000000000103d7c                aptExit
 .text.aptHandleSleep
                0x0000000000104070       0xe0 /opt/devkitpro/libctru/lib/libctru.a(apt.o)
                0x0000000000104070                aptHandleSleep
 .text.APT_SleepIfShellClosed
                0x0000000000104150       0x84 /opt/devkitpro/libctru/lib/libctru.a(apt.o)
                0x0000000000104150                APT_SleepIfShellClosed
 .text.aptSetSleepAllowed
                0x00000000001041d4       0x84 /opt/devkitpro/libctru/lib/libctru.a(apt.o)
                0x00000000001041d4                aptSetSleepAllowed
 .text.APT_UnlockTransition
                0x0000000000104258       0x84 /opt/devkitpro/libctru/lib/libctru.a(apt.o)
                0x0000000000104258                APT_UnlockTransition
 *fill*         0x00000000001042dc        0x4 
 .text.aptEventHandler
                0x00000000001042e0      0x4a4 /opt/devkitpro/libctru/lib/libctru.a(apt.o)
 .text.APT_ReceiveParameter
                0x0000000000104784       0xb0 /opt/devkitpro/libctru/lib/libctru.a(apt.o)
                0x0000000000104784                APT_ReceiveParameter
 .text.aptReceiveParameter.constprop.0
                0x0000000000104834       0xb0 /opt/devkitpro/libctru/lib/libctru.a(apt.o)
 *fill*         0x00000000001048e4        0x4 
 .text.aptScreenTransfer
                0x00000000001048e8      0x2ac /opt/devkitpro/libctru/lib/libctru.a(apt.o)
 .text.aptWaitForWakeUp.isra.0
                0x0000000000104b94      0x344 /opt/devkitpro/libctru/lib/libctru.a(apt.o)
 .text.aptJumpToHomeMenu
                0x0000000000104ed8      0x100 /opt/devkitpro/libctru/lib/libctru.a(apt.o)
                0x0000000000104ed8                aptJumpToHomeMenu
 .text.aptMainLoop
                0x0000000000104fd8       0x48 /opt/devkitpro/libctru/lib/libctru.a(apt.o)
                0x0000000000104fd8                aptMainLoop
 .text.aptInit  0x0000000000105020      0x22c /opt/devkitpro/libctru/lib/libctru.a(apt.o)
                0x0000000000105020                aptInit
 .text.APT_CheckNew3DS
                0x000000000010524c       0x7c /opt/devkitpro/libctru/lib/libctru.a(apt.o)
                0x000000000010524c                APT_CheckNew3DS
 .text.hidShouldUseIrrst
                0x00000000001052c8       0x24 /opt/devkitpro/libctru/lib/libctru.a(hid.o)
                0x00000000001052c8                hidShouldUseIrrst
 .text.hidInit  0x00000000001052ec      0x18c /opt/devkitpro/libctru/lib/libctru.a(hid.o)
                0x00000000001052ec                hidInit
 .text.hidExit  0x0000000000105478       0xe8 /opt/devkitpro/libctru/lib/libctru.a(hid.o)
                0x0000000000105478                hidExit
 .text.hidScanInput
                0x0000000000105560      0x2a4 /opt/devkitpro/libctru/lib/libctru.a(hid.o)
                0x0000000000105560                hidScanInput
 .text.hidKeysDown
                0x0000000000105804       0x10 /opt/devkitpro/libctru/lib/libctru.a(hid.o)
                0x0000000000105804                hidKeysDown
 .text.__libctru_init
                0x0000000000105814       0x38 /opt/devkitpro/libctru/lib/libctru.a(ctru_init.o)
                0x0000000000105814                __libctru_init
 .text.__system_initArgv
                0x000000000010584c      0x170 /opt/devkitpro/libctru/lib/libctru.a(initArgv.o)
                0x000000000010584c                __system_initArgv
 .text.svcControlMemory
                0x00000000001059bc       0x20 /opt/devkitpro/libctru/lib/libctru.a(svc.o)
                0x00000000001059bc                svcControlMemory
 .text.svcQueryMemory
                0x00000000001059dc       0x30 /opt/devkitpro/libctru/lib/libctru.a(svc.o)
                0x00000000001059dc                svcQueryMemory
 .text.svcExitProcess
                0x0000000000105a0c        0x8 /opt/devkitpro/libctru/lib/libctru.a(svc.o)
                0x0000000000105a0c                svcExitProcess
 .text.svcCreateThread
                0x0000000000105a14       0x20 /opt/devkitpro/libctru/lib/libctru.a(svc.o)
                0x0000000000105a14                svcCreateThread
 .text.svcExitThread
                0x0000000000105a34        0x8 /opt/devkitpro/libctru/lib/libctru.a(svc.o)
                0x0000000000105a34                svcExitThread
 .text.svcSleepThread
                0x0000000000105a3c        0x8 /opt/devkitpro/libctru/lib/libctru.a(svc.o)
                0x0000000000105a3c                svcSleepThread
 .text.svcReleaseMutex
                0x0000000000105a44        0x8 /opt/devkitpro/libctru/lib/libctru.a(svc.o)
                0x0000000000105a44                svcReleaseMutex
 .text.svcCreateEvent
                0x0000000000105a4c       0x14 /opt/devkitpro/libctru/lib/libctru.a(svc.o)
                0x0000000000105a4c                svcCreateEvent
 .text.svcSignalEvent
                0x0000000000105a60        0x8 /opt/devkitpro/libctru/lib/libctru.a(svc.o)
                0x0000000000105a60                svcSignalEvent
 .text.svcClearEvent
                0x0000000000105a68        0x8 /opt/devkitpro/libctru/lib/libctru.a(svc.o)
                0x0000000000105a68                svcClearEvent
 .text.svcMapMemoryBlock
                0x0000000000105a70        0x8 /opt/devkitpro/libctru/lib/libctru.a(svc.o)
                0x0000000000105a70                svcMapMemoryBlock
 .text.svcUnmapMemoryBlock
                0x0000000000105a78        0x8 /opt/devkitpro/libctru/lib/libctru.a(svc.o)
                0x0000000000105a78                svcUnmapMemoryBlock
 .text.svcCreateAddressArbiter
                0x0000000000105a80       0x14 /opt/devkitpro/libctru/lib/libctru.a(svc.o)
                0x0000000000105a80                svcCreateAddressArbiter
 .text.svcArbitrateAddressNoTimeout
                0x0000000000105a94        0x8 /opt/devkitpro/libctru/lib/libctru.a(svc.o)
                0x0000000000105a94                svcArbitrateAddressNoTimeout
 .text.svcCloseHandle
                0x0000000000105a9c        0x8 /opt/devkitpro/libctru/lib/libctru.a(svc.o)
                0x0000000000105a9c                svcCloseHandle
 .text.svcWaitSynchronization
                0x0000000000105aa4        0x8 /opt/devkitpro/libctru/lib/libctru.a(svc.o)
                0x0000000000105aa4                svcWaitSynchronization
 .text.svcWaitSynchronizationN
                0x0000000000105aac       0x28 /opt/devkitpro/libctru/lib/libctru.a(svc.o)
                0x0000000000105aac                svcWaitSynchronizationN
 .text.svcDuplicateHandle
                0x0000000000105ad4       0x14 /opt/devkitpro/libctru/lib/libctru.a(svc.o)
                0x0000000000105ad4                svcDuplicateHandle
 .text.svcConnectToPort
                0x0000000000105ae8       0x14 /opt/devkitpro/libctru/lib/libctru.a(svc.o)
                0x0000000000105ae8                svcConnectToPort
 .text.svcSendSyncRequest
                0x0000000000105afc        0x8 /opt/devkitpro/libctru/lib/libctru.a(svc.o)
                0x0000000000105afc                svcSendSyncRequest
 .text.svcGetResourceLimit
                0x0000000000105b04       0x14 /opt/devkitpro/libctru/lib/libctru.a(svc.o)
                0x0000000000105b04                svcGetResourceLimit
 .text.svcGetResourceLimitLimitValues
                0x0000000000105b18        0x8 /opt/devkitpro/libctru/lib/libctru.a(svc.o)
                0x0000000000105b18                svcGetResourceLimitLimitValues
 .text.svcGetResourceLimitCurrentValues
                0x0000000000105b20        0x8 /opt/devkitpro/libctru/lib/libctru.a(svc.o)
                0x0000000000105b20                svcGetResourceLimitCurrentValues
 .text.svcBreak
                0x0000000000105b28        0x8 /opt/devkitpro/libctru/lib/libctru.a(svc.o)
                0x0000000000105b28                svcBreak
 .text.initSystem
                0x0000000000105b30       0x50 /opt/devkitpro/libctru/lib/libctru.a(stack_adjust.o)
                0x0000000000105b30                initSystem
 .text.__ctru_exit
                0x0000000000105b80       0x18 /opt/devkitpro/libctru/lib/libctru.a(stack_adjust.o)
                0x0000000000105b80                __ctru_exit
 .text._ZL21addrMapNodeComparatorPK11rbtree_nodeS1_
                0x0000000000105b98       0x24 /opt/devkitpro/libctru/lib/libctru.a(vram.o)
 .text._ZL21addrMapNodeDestructorP11rbtree_node
                0x0000000000105bbc        0x4 /opt/devkitpro/libctru/lib/libctru.a(vram.o)
 .text.vramMemAlignAt
                0x0000000000105bc0      0x250 /opt/devkitpro/libctru/lib/libctru.a(vram.o)
                0x0000000000105bc0                vramMemAlignAt
 .text.vramAlloc
                0x0000000000105e10        0xc /opt/devkitpro/libctru/lib/libctru.a(vram.o)
                0x0000000000105e10                vramAlloc
 .text.vramFree
                0x0000000000105e1c       0x90 /opt/devkitpro/libctru/lib/libctru.a(vram.o)
                0x0000000000105e1c                vramFree
 .text._ZL21addrMapNodeComparatorPK11rbtree_nodeS1_
                0x0000000000105eac       0x24 /opt/devkitpro/libctru/lib/libctru.a(linear.o)
 .text._ZL21addrMapNodeDestructorP11rbtree_node
                0x0000000000105ed0        0x4 /opt/devkitpro/libctru/lib/libctru.a(linear.o)
 .text.linearMemAlign
                0x0000000000105ed4      0x120 /opt/devkitpro/libctru/lib/libctru.a(linear.o)
                0x0000000000105ed4                linearMemAlign
 .text.linearAlloc
                0x0000000000105ff4        0x8 /opt/devkitpro/libctru/lib/libctru.a(linear.o)
                0x0000000000105ff4                linearAlloc
 .text.linearFree
                0x0000000000105ffc       0x5c /opt/devkitpro/libctru/lib/libctru.a(linear.o)
                0x0000000000105ffc                linearFree
 .text._ZN7MemPool13CoalesceRightEP8MemBlock
                0x0000000000106058       0x80 /opt/devkitpro/libctru/lib/libctru.a(mem_pool.o)
                0x0000000000106058                MemPool::CoalesceRight(MemBlock*)
 .text._ZN7MemPool8AllocateER8MemChunkmi
                0x00000000001060d8      0x16c /opt/devkitpro/libctru/lib/libctru.a(mem_pool.o)
                0x00000000001060d8                MemPool::Allocate(MemChunk&, unsigned long, int)
 .text._ZN7MemPool10DeallocateERK8MemChunk
                0x0000000000106244       0xfc /opt/devkitpro/libctru/lib/libctru.a(mem_pool.o)
                0x0000000000106244                MemPool::Deallocate(MemChunk const&)
 .text._ZN7MemPool12GetFreeSpaceEv
                0x0000000000106340       0x30 /opt/devkitpro/libctru/lib/libctru.a(mem_pool.o)
                0x0000000000106340                MemPool::GetFreeSpace()
 .text.__sync_init
                0x0000000000106370        0xc /opt/devkitpro/libctru/lib/libctru.a(synchronization.o)
                0x0000000000106370                __sync_init
 .text.__sync_fini
                0x000000000010637c       0x18 /opt/devkitpro/libctru/lib/libctru.a(synchronization.o)
                0x000000000010637c                __sync_fini
 .text.syncArbitrateAddress
                0x0000000000106394       0x2c /opt/devkitpro/libctru/lib/libctru.a(synchronization.o)
                0x0000000000106394                syncArbitrateAddress
 .text.LightLock_Lock
                0x00000000001063c0       0xb0 /opt/devkitpro/libctru/lib/libctru.a(synchronization.o)
                0x00000000001063c0                LightLock_Lock
 .text.LightLock_Unlock
                0x0000000000106470       0x40 /opt/devkitpro/libctru/lib/libctru.a(synchronization.o)
                0x0000000000106470                LightLock_Unlock
 .text.RecursiveLock_Init
                0x00000000001064b0       0x24 /opt/devkitpro/libctru/lib/libctru.a(synchronization.o)
                0x00000000001064b0                RecursiveLock_Init
 .text.RecursiveLock_Lock
                0x00000000001064d4       0x30 /opt/devkitpro/libctru/lib/libctru.a(synchronization.o)
                0x00000000001064d4                RecursiveLock_Lock
 .text.RecursiveLock_Unlock
                0x0000000000106504       0x54 /opt/devkitpro/libctru/lib/libctru.a(synchronization.o)
                0x0000000000106504                RecursiveLock_Unlock
 .text.LightEvent_Init
                0x0000000000106558       0x40 /opt/devkitpro/libctru/lib/libctru.a(synchronization.o)
                0x0000000000106558                LightEvent_Init
 .text.LightEvent_Clear
                0x0000000000106598       0xa4 /opt/devkitpro/libctru/lib/libctru.a(synchronization.o)
                0x0000000000106598                LightEvent_Clear
 .text.LightEvent_Signal
                0x000000000010663c       0xc8 /opt/devkitpro/libctru/lib/libctru.a(synchronization.o)
                0x000000000010663c                LightEvent_Signal
 .text.LightEvent_TryWait
                0x0000000000106704       0x50 /opt/devkitpro/libctru/lib/libctru.a(synchronization.o)
                0x0000000000106704                LightEvent_TryWait
 .text.LightEvent_Wait
                0x0000000000106754       0xb0 /opt/devkitpro/libctru/lib/libctru.a(synchronization.o)
                0x0000000000106754                LightEvent_Wait
 .text.__ctru_speedup_config
                0x0000000000106804       0x34 /opt/devkitpro/libctru/lib/libctru.a(os.o)
                0x0000000000106804                __ctru_speedup_config
 .text.srvInit  0x0000000000106838      0x130 /opt/devkitpro/libctru/lib/libctru.a(srv.o)
                0x0000000000106838                srvInit
 .text.srvExit  0x0000000000106968       0x58 /opt/devkitpro/libctru/lib/libctru.a(srv.o)
                0x0000000000106968                srvExit
 .text.srvGetServiceHandleDirect
                0x00000000001069c0       0xa0 /opt/devkitpro/libctru/lib/libctru.a(srv.o)
                0x00000000001069c0                srvGetServiceHandleDirect
 .text.srvGetServiceHandle
                0x0000000000106a60       0x38 /opt/devkitpro/libctru/lib/libctru.a(srv.o)
                0x0000000000106a60                srvGetServiceHandle
 .text.srvPublishToSubscriber
                0x0000000000106a98       0x38 /opt/devkitpro/libctru/lib/libctru.a(srv.o)
                0x0000000000106a98                srvPublishToSubscriber
 .text.threadCreate
                0x0000000000106ad0      0x178 /opt/devkitpro/libctru/lib/libctru.a(thread.o)
                0x0000000000106ad0                threadCreate
 .text.threadFree
                0x0000000000106c48       0x2c /opt/devkitpro/libctru/lib/libctru.a(thread.o)
                0x0000000000106c48                threadFree
 .text.threadJoin
                0x0000000000106c74       0x24 /opt/devkitpro/libctru/lib/libctru.a(thread.o)
                0x0000000000106c74                threadJoin
 .text.threadGetCurrent
                0x0000000000106c98       0x30 /opt/devkitpro/libctru/lib/libctru.a(thread.o)
                0x0000000000106c98                threadGetCurrent
 .text.threadExit
                0x0000000000106cc8       0x40 /opt/devkitpro/libctru/lib/libctru.a(thread.o)
                0x0000000000106cc8                threadExit
 .text._thread_begin
                0x0000000000106d08       0x20 /opt/devkitpro/libctru/lib/libctru.a(thread.o)
 .text.mappableFindAddressWithin
                0x0000000000106d28       0xb4 /opt/devkitpro/libctru/lib/libctru.a(mappable.o)
 .text.mappableInit
                0x0000000000106ddc       0x28 /opt/devkitpro/libctru/lib/libctru.a(mappable.o)
                0x0000000000106ddc                mappableInit
 .text.mappableAlloc
                0x0000000000106e04       0x80 /opt/devkitpro/libctru/lib/libctru.a(mappable.o)
                0x0000000000106e04                mappableAlloc
 .text.mappableFree
                0x0000000000106e84        0x4 /opt/devkitpro/libctru/lib/libctru.a(mappable.o)
                0x0000000000106e84                mappableFree
 .text.irrstInit
                0x0000000000106e88      0x164 /opt/devkitpro/libctru/lib/libctru.a(irrst.o)
                0x0000000000106e88                irrstInit
 .text.irrstExit
                0x0000000000106fec       0xcc /opt/devkitpro/libctru/lib/libctru.a(irrst.o)
                0x0000000000106fec                irrstExit
 .text.irrstScanInput
                0x00000000001070b8       0xb4 /opt/devkitpro/libctru/lib/libctru.a(irrst.o)
                0x00000000001070b8                irrstScanInput
 .text.irrstKeysHeld
                0x000000000010716c       0x24 /opt/devkitpro/libctru/lib/libctru.a(irrst.o)
                0x000000000010716c                irrstKeysHeld
 .text.srvPmGetSessionHandle
                0x0000000000107190        0xc /opt/devkitpro/libctru/lib/libctru.a(srvpm.o)
                0x0000000000107190                srvPmGetSessionHandle
 .text.ptmSysmInit
                0x000000000010719c       0x74 /opt/devkitpro/libctru/lib/libctru.a(ptmsysm.o)
                0x000000000010719c                ptmSysmInit
 .text.ptmSysmExit
                0x0000000000107210       0x3c /opt/devkitpro/libctru/lib/libctru.a(ptmsysm.o)
                0x0000000000107210                ptmSysmExit
 .text.PTMSYSM_ConfigureNew3DSCPU
                0x000000000010724c       0x34 /opt/devkitpro/libctru/lib/libctru.a(ptmsysm.o)
                0x000000000010724c                PTMSYSM_ConfigureNew3DSCPU
 .text.rbtree_init
                0x0000000000107280       0x10 /opt/devkitpro/libctru/lib/libctru.a(rbtree_init.o)
                0x0000000000107280                rbtree_init
 .text.do_insert
                0x0000000000107290      0x1b4 /opt/devkitpro/libctru/lib/libctru.a(rbtree_insert.o)
 .text.rbtree_insert
                0x0000000000107444        0x8 /opt/devkitpro/libctru/lib/libctru.a(rbtree_insert.o)
                0x0000000000107444                rbtree_insert
 .text.rbtree_rotate
                0x000000000010744c       0x90 /opt/devkitpro/libctru/lib/libctru.a(rbtree_rotate.o)
                0x000000000010744c                rbtree_rotate
 .text.rbtree_remove
                0x00000000001074dc      0x318 /opt/devkitpro/libctru/lib/libctru.a(rbtree_remove.o)
                0x00000000001074dc                rbtree_remove
 .text.rbtree_find
                0x00000000001077f4       0x74 /opt/devkitpro/libctru/lib/libctru.a(rbtree_find.o)
                0x00000000001077f4                rbtree_find
 .text.__appInit
                0x0000000000107868       0x30 /opt/devkitpro/libctru/lib/libctru.a(appInit.o)
                0x0000000000107868                __appInit
 .text.__syscall_getreent
                0x0000000000107898       0x30 /opt/devkitpro/libctru/lib/libctru.a(syscalls.o)
                0x0000000000107898                __syscall_getreent
 .text.__syscall_lock_acquire
                0x00000000001078c8        0x4 /opt/devkitpro/libctru/lib/libctru.a(syscalls.o)
                0x00000000001078c8                __syscall_lock_acquire
 .text.__syscall_lock_release
                0x00000000001078cc        0x4 /opt/devkitpro/libctru/lib/libctru.a(syscalls.o)
                0x00000000001078cc                __syscall_lock_release
 .text.__syscall_lock_init_recursive
                0x00000000001078d0        0x4 /opt/devkitpro/libctru/lib/libctru.a(syscalls.o)
                0x00000000001078d0                __syscall_lock_init_recursive
 .text.__syscall_lock_acquire_recursive
                0x00000000001078d4        0x4 /opt/devkitpro/libctru/lib/libctru.a(syscalls.o)
                0x00000000001078d4                __syscall_lock_acquire_recursive
 .text.__syscall_lock_release_recursive
                0x00000000001078d8        0x4 /opt/devkitpro/libctru/lib/libctru.a(syscalls.o)
                0x00000000001078d8                __syscall_lock_release_recursive
 .text.__syscall_exit
                0x00000000001078dc        0x4 /opt/devkitpro/libctru/lib/libctru.a(syscalls.o)
                0x00000000001078dc                __syscall_exit
 .text.initThreadVars
                0x00000000001078e0       0x50 /opt/devkitpro/libctru/lib/libctru.a(syscalls.o)
                0x00000000001078e0                initThreadVars
 .text.__system_initSyscalls
                0x0000000000107930       0x68 /opt/devkitpro/libctru/lib/libctru.a(syscalls.o)
                0x0000000000107930                __system_initSyscalls
 .text.__system_allocateHeaps
                0x0000000000107998      0x1e0 /opt/devkitpro/libctru/lib/libctru.a(allocateHeaps.o)
                0x0000000000107998                __system_allocateHeaps
 .text.__appExit
                0x0000000000107b78       0x30 /opt/devkitpro/libctru/lib/libctru.a(appExit.o)
                0x0000000000107b78                __appExit
 .text.__libctru_exit
                0x0000000000107ba8       0x90 /opt/devkitpro/libctru/lib/libctru.a(ctru_exit.o)
                0x0000000000107ba8                __libctru_exit
 .text.envGetHandle
                0x0000000000107c38       0x84 /opt/devkitpro/libctru/lib/libctru.a(env.o)
                0x0000000000107c38                envGetHandle
 .text.envDestroyHandles
                0x0000000000107cbc       0x50 /opt/devkitpro/libctru/lib/libctru.a(env.o)
                0x0000000000107cbc                envDestroyHandles
 .text.archive_link
                0x0000000000107d0c       0x14 /opt/devkitpro/libctru/lib/libctru.a(archive_dev.o)
 .text.archive_dirreset
                0x0000000000107d20       0x14 /opt/devkitpro/libctru/lib/libctru.a(archive_dev.o)
 .text.archive_chmod
                0x0000000000107d34       0x14 /opt/devkitpro/libctru/lib/libctru.a(archive_dev.o)
 .text.error_cmp
                0x0000000000107d48       0x24 /opt/devkitpro/libctru/lib/libctru.a(archive_dev.o)
 .text.archive_translate_error
                0x0000000000107d6c       0x50 /opt/devkitpro/libctru/lib/libctru.a(archive_dev.o)
 .text.archive_seek
                0x0000000000107dbc       0xc8 /opt/devkitpro/libctru/lib/libctru.a(archive_dev.o)
 .text._archiveInit.part.0
                0x0000000000107e84       0x7c /opt/devkitpro/libctru/lib/libctru.a(archive_dev.o)
 .text.archiveFindDevice.part.0
                0x0000000000107f00       0xc4 /opt/devkitpro/libctru/lib/libctru.a(archive_dev.o)
 .text.archive_utf16path
                0x0000000000107fc4      0x25c /opt/devkitpro/libctru/lib/libctru.a(archive_dev.o)
 .text._archiveUnmountDeviceStruct.part.0
                0x0000000000108220       0xa0 /opt/devkitpro/libctru/lib/libctru.a(archive_dev.o)
 .text.archive_fchmod
                0x00000000001082c0       0x14 /opt/devkitpro/libctru/lib/libctru.a(archive_dev.o)
 .text.archive_statvfs
                0x00000000001082d4       0x14 /opt/devkitpro/libctru/lib/libctru.a(archive_dev.o)
 .text._archiveMountDevice
                0x00000000001082e8      0x164 /opt/devkitpro/libctru/lib/libctru.a(archive_dev.o)
 .text.archive_diropen
                0x000000000010844c       0xe8 /opt/devkitpro/libctru/lib/libctru.a(archive_dev.o)
 .text.archive_fstat
                0x0000000000108534       0xa4 /opt/devkitpro/libctru/lib/libctru.a(archive_dev.o)
 .text.archive_close
                0x00000000001085d8       0x6c /opt/devkitpro/libctru/lib/libctru.a(archive_dev.o)
 .text.archive_fsync
                0x0000000000108644       0x6c /opt/devkitpro/libctru/lib/libctru.a(archive_dev.o)
 .text.archive_dirclose
                0x00000000001086b0       0x70 /opt/devkitpro/libctru/lib/libctru.a(archive_dev.o)
 .text.sdmc_statvfs
                0x0000000000108720       0xe8 /opt/devkitpro/libctru/lib/libctru.a(archive_dev.o)
 .text.archive_chdir
                0x0000000000108808       0xec /opt/devkitpro/libctru/lib/libctru.a(archive_dev.o)
 .text.archive_ftruncate
                0x00000000001088f4       0x7c /opt/devkitpro/libctru/lib/libctru.a(archive_dev.o)
 .text.archive_read
                0x0000000000108970       0xac /opt/devkitpro/libctru/lib/libctru.a(archive_dev.o)
 .text.archive_unlink
                0x0000000000108a1c       0xa4 /opt/devkitpro/libctru/lib/libctru.a(archive_dev.o)
 .text.archive_rmdir
                0x0000000000108ac0       0xbc /opt/devkitpro/libctru/lib/libctru.a(archive_dev.o)
 .text.archive_mkdir
                0x0000000000108b7c       0xdc /opt/devkitpro/libctru/lib/libctru.a(archive_dev.o)
 .text.archive_stat
                0x0000000000108c58      0x19c /opt/devkitpro/libctru/lib/libctru.a(archive_dev.o)
 .text.archive_dirnext
                0x0000000000108df4      0x15c /opt/devkitpro/libctru/lib/libctru.a(archive_dev.o)
 .text.archive_write
                0x0000000000108f50       0xec /opt/devkitpro/libctru/lib/libctru.a(archive_dev.o)
 .text.archive_open
                0x000000000010903c      0x1d4 /opt/devkitpro/libctru/lib/libctru.a(archive_dev.o)
 .text.archive_rename
                0x0000000000109210      0x278 /opt/devkitpro/libctru/lib/libctru.a(archive_dev.o)
 .text.archiveMountSdmc
                0x0000000000109488      0x19c /opt/devkitpro/libctru/lib/libctru.a(archive_dev.o)
                0x0000000000109488                archiveMountSdmc
 .text.archiveUnmountAll
                0x0000000000109624       0x54 /opt/devkitpro/libctru/lib/libctru.a(archive_dev.o)
                0x0000000000109624                archiveUnmountAll
 .text.fsInit   0x0000000000109678       0xcc /opt/devkitpro/libctru/lib/libctru.a(fs.o)
                0x0000000000109678                fsInit
 .text.fsExit   0x0000000000109744       0x3c /opt/devkitpro/libctru/lib/libctru.a(fs.o)
                0x0000000000109744                fsExit
 .text.fsExemptFromSession
                0x0000000000109780       0x60 /opt/devkitpro/libctru/lib/libctru.a(fs.o)
                0x0000000000109780                fsExemptFromSession
 .text.fsUnexemptFromSession
                0x00000000001097e0       0x50 /opt/devkitpro/libctru/lib/libctru.a(fs.o)
                0x00000000001097e0                fsUnexemptFromSession
 .text.FSUSER_OpenFile
                0x0000000000109830       0xcc /opt/devkitpro/libctru/lib/libctru.a(fs.o)
                0x0000000000109830                FSUSER_OpenFile
 .text.FSUSER_DeleteFile
                0x00000000001098fc       0xbc /opt/devkitpro/libctru/lib/libctru.a(fs.o)
                0x00000000001098fc                FSUSER_DeleteFile
 .text.FSUSER_RenameFile
                0x00000000001099b8       0xf8 /opt/devkitpro/libctru/lib/libctru.a(fs.o)
                0x00000000001099b8                FSUSER_RenameFile
 .text.FSUSER_DeleteDirectory
                0x0000000000109ab0       0xbc /opt/devkitpro/libctru/lib/libctru.a(fs.o)
                0x0000000000109ab0                FSUSER_DeleteDirectory
 .text.FSUSER_CreateFile
                0x0000000000109b6c       0xd4 /opt/devkitpro/libctru/lib/libctru.a(fs.o)
                0x0000000000109b6c                FSUSER_CreateFile
 .text.FSUSER_CreateDirectory
                0x0000000000109c40       0xc4 /opt/devkitpro/libctru/lib/libctru.a(fs.o)
                0x0000000000109c40                FSUSER_CreateDirectory
 .text.FSUSER_RenameDirectory
                0x0000000000109d04       0xf8 /opt/devkitpro/libctru/lib/libctru.a(fs.o)
                0x0000000000109d04                FSUSER_RenameDirectory
 .text.FSUSER_OpenDirectory
                0x0000000000109dfc       0xb4 /opt/devkitpro/libctru/lib/libctru.a(fs.o)
                0x0000000000109dfc                FSUSER_OpenDirectory
 .text.FSUSER_OpenArchive
                0x0000000000109eb0       0x98 /opt/devkitpro/libctru/lib/libctru.a(fs.o)
                0x0000000000109eb0                FSUSER_OpenArchive
 .text.FSUSER_CloseArchive
                0x0000000000109f48       0x8c /opt/devkitpro/libctru/lib/libctru.a(fs.o)
                0x0000000000109f48                FSUSER_CloseArchive
 .text.FSUSER_GetSdmcArchiveResource
                0x0000000000109fd4       0x74 /opt/devkitpro/libctru/lib/libctru.a(fs.o)
                0x0000000000109fd4                FSUSER_GetSdmcArchiveResource
 .text.FSUSER_IsSdmcWritable
                0x000000000010a048       0x64 /opt/devkitpro/libctru/lib/libctru.a(fs.o)
                0x000000000010a048                FSUSER_IsSdmcWritable
 .text.FSFILE_Read
                0x000000000010a0ac       0x58 /opt/devkitpro/libctru/lib/libctru.a(fs.o)
                0x000000000010a0ac                FSFILE_Read
 .text.FSFILE_Write
                0x000000000010a104       0x60 /opt/devkitpro/libctru/lib/libctru.a(fs.o)
                0x000000000010a104                FSFILE_Write
 .text.FSFILE_GetSize
                0x000000000010a164       0x3c /opt/devkitpro/libctru/lib/libctru.a(fs.o)
                0x000000000010a164                FSFILE_GetSize
 .text.FSFILE_SetSize
                0x000000000010a1a0       0x28 /opt/devkitpro/libctru/lib/libctru.a(fs.o)
                0x000000000010a1a0                FSFILE_SetSize
 .text.FSFILE_Close
                0x000000000010a1c8       0x3c /opt/devkitpro/libctru/lib/libctru.a(fs.o)
                0x000000000010a1c8                FSFILE_Close
 .text.FSFILE_Flush
                0x000000000010a204       0x24 /opt/devkitpro/libctru/lib/libctru.a(fs.o)
                0x000000000010a204                FSFILE_Flush
 .text.FSDIR_Read
                0x000000000010a228       0x50 /opt/devkitpro/libctru/lib/libctru.a(fs.o)
                0x000000000010a228                FSDIR_Read
 .text.FSDIR_Close
                0x000000000010a278       0x3c /opt/devkitpro/libctru/lib/libctru.a(fs.o)
                0x000000000010a278                FSDIR_Close
 .text.rbtree_node_next
                0x000000000010a2b4       0x5c /opt/devkitpro/libctru/lib/libctru.a(rbtree_iterator.o)
                0x000000000010a2b4                rbtree_node_next
 .text.utf16_to_utf8
                0x000000000010a310       0xe8 /opt/devkitpro/libctru/lib/libctru.a(utf16_to_utf8.o)
                0x000000000010a310                utf16_to_utf8
 .text.decode_utf16
                0x000000000010a3f8       0x64 /opt/devkitpro/libctru/lib/libctru.a(decode_utf16.o)
                0x000000000010a3f8                decode_utf16
 .text.decode_utf8
                0x000000000010a45c      0x13c /opt/devkitpro/libctru/lib/libctru.a(decode_utf8.o)
                0x000000000010a45c                decode_utf8
 .text.utf8_to_utf16
                0x000000000010a598       0xc0 /opt/devkitpro/libctru/lib/libctru.a(utf8_to_utf16.o)
                0x000000000010a598                utf8_to_utf16
 .text.__aeabi_read_tp
                0x000000000010a658        0xc /opt/devkitpro/libctru/lib/libctru.a(readtp.o)
                0x000000000010a658                __aeabi_read_tp
 .text.encode_utf16
                0x000000000010a664       0x54 /opt/devkitpro/libctru/lib/libctru.a(encode_utf16.o)
                0x000000000010a664                encode_utf16
 .text.encode_utf8
                0x000000000010a6b8       0xe0 /opt/devkitpro/libctru/lib/libctru.a(encode_utf8.o)
                0x000000000010a6b8                encode_utf8
 .text.__udivmoddi4
                0x000000000010a798      0x120 /opt/devkitpro/devkitARM/bin/../lib/gcc/arm-none-eabi/12.1.0/armv6k/fpu/libgcc.a(_udivmoddi4.o)
                0x000000000010a798                __udivmoddi4
 .text.bsearch  0x000000000010a8b8       0x78 /opt/devkitpro/devkitARM/bin/../lib/gcc/arm-none-eabi/12.1.0/../../../../arm-none-eabi/lib/armv6k/fpu/libg.a(lib_a-bsearch.o)
                0x000000000010a8b8                bsearch
 .text.__errno  0x000000000010a930        0xc /opt/devkitpro/devkitARM/bin/../lib/gcc/arm-none-eabi/12.1.0/../../../../arm-none-eabi/lib/armv6k/fpu/libg.a(lib_a-errno.o)
                0x000000000010a930                __errno
 .text.exit     0x000000000010a93c       0x34 /opt/devkitpro/devkitARM/bin/../lib/gcc/arm-none-eabi/12.1.0/../../../../arm-none-eabi/lib/armv6k/fpu/libg.a(lib_a-exit.o)
                0x000000000010a93c                exit
 .text.__sflush_r
                0x000000000010a970      0x234 /opt/devkitpro/devkitARM/bin/../lib/gcc/arm-none-eabi/12.1.0/../../../../arm-none-eabi/lib/armv6k/fpu/libg.a(lib_a-fflush.o)
                0x000000000010a970                __sflush_r
 .text._fflush_r
                0x000000000010aba4       0x94 /opt/devkitpro/devkitARM/bin/../lib/gcc/arm-none-eabi/12.1.0/../../../../arm-none-eabi/lib/armv6k/fpu/libg.a(lib_a-fflush.o)
                0x000000000010aba4                _fflush_r
 .text._cleanup_r
                0x000000000010ac38        0xc /opt/devkitpro/devkitARM/bin/../lib/gcc/arm-none-eabi/12.1.0/../../../../arm-none-eabi/lib/armv6k/fpu/libg.a(lib_a-findfp.o)
                0x000000000010ac38                _cleanup_r
 .text.__sinit  0x000000000010ac44      0x184 /opt/devkitpro/devkitARM/bin/../lib/gcc/arm-none-eabi/12.1.0/../../../../arm-none-eabi/lib/armv6k/fpu/libg.a(lib_a-findfp.o)
                0x000000000010ac44                __sinit
 .text.__sfp_lock_acquire
                0x000000000010adc8        0xc /opt/devkitpro/devkitARM/bin/../lib/gcc/arm-none-eabi/12.1.0/../../../../arm-none-eabi/lib/armv6k/fpu/libg.a(lib_a-findfp.o)
                0x000000000010adc8                __sfp_lock_acquire
 .text.__sfp_lock_release
                0x000000000010add4        0xc /opt/devkitpro/devkitARM/bin/../lib/gcc/arm-none-eabi/12.1.0/../../../../arm-none-eabi/lib/armv6k/fpu/libg.a(lib_a-findfp.o)
                0x000000000010add4                __sfp_lock_release
 .text.__libc_fini_array
                0x000000000010ade0       0x3c /opt/devkitpro/devkitARM/bin/../lib/gcc/arm-none-eabi/12.1.0/../../../../arm-none-eabi/lib/armv6k/fpu/libg.a(lib_a-fini.o)
                0x000000000010ade0                __libc_fini_array
 .text._malloc_trim_r
                0x000000000010ae1c       0xf8 /opt/devkitpro/devkitARM/bin/../lib/gcc/arm-none-eabi/12.1.0/../../../../arm-none-eabi/lib/armv6k/fpu/libg.a(lib_a-freer.o)
                0x000000000010ae1c                _malloc_trim_r
 .text._free_r  0x000000000010af14      0x2e8 /opt/devkitpro/devkitARM/bin/../lib/gcc/arm-none-eabi/12.1.0/../../../../arm-none-eabi/lib/armv6k/fpu/libg.a(lib_a-freer.o)
                0x000000000010af14                _free_r
 .text._fwalk_reent
                0x000000000010b1fc       0x70 /opt/devkitpro/devkitARM/bin/../lib/gcc/arm-none-eabi/12.1.0/../../../../arm-none-eabi/lib/armv6k/fpu/libg.a(lib_a-fwalk.o)
                0x000000000010b1fc                _fwalk_reent
 .text.__libc_init_array
                0x000000000010b26c       0x84 /opt/devkitpro/devkitARM/bin/../lib/gcc/arm-none-eabi/12.1.0/../../../../arm-none-eabi/lib/armv6k/fpu/libg.a(lib_a-init.o)
                0x000000000010b26c                __libc_init_array
 .text.memalign
                0x000000000010b2f0       0x20 /opt/devkitpro/devkitARM/bin/../lib/gcc/arm-none-eabi/12.1.0/../../../../arm-none-eabi/lib/armv6k/fpu/libg.a(lib_a-malign.o)
                0x000000000010b2f0                memalign
 .text._memalign_r
                0x000000000010b310      0x14c /opt/devkitpro/devkitARM/bin/../lib/gcc/arm-none-eabi/12.1.0/../../../../arm-none-eabi/lib/armv6k/fpu/libg.a(lib_a-malignr.o)
                0x000000000010b310                _memalign_r
 .text.malloc   0x000000000010b45c       0x18 /opt/devkitpro/devkitARM/bin/../lib/gcc/arm-none-eabi/12.1.0/../../../../arm-none-eabi/lib/armv6k/fpu/libg.a(lib_a-malloc.o)
                0x000000000010b45c                malloc
 .text.free     0x000000000010b474       0x18 /opt/devkitpro/devkitARM/bin/../lib/gcc/arm-none-eabi/12.1.0/../../../../arm-none-eabi/lib/armv6k/fpu/libg.a(lib_a-malloc.o)
                0x000000000010b474                free
 .text._malloc_r
                0x000000000010b48c      0x7e4 /opt/devkitpro/devkitARM/bin/../lib/gcc/arm-none-eabi/12.1.0/../../../../arm-none-eabi/lib/armv6k/fpu/libg.a(lib_a-mallocr.o)
                0x000000000010b48c                _malloc_r
 .text.memchr   0x000000000010bc70       0xe4 /opt/devkitpro/devkitARM/bin/../lib/gcc/arm-none-eabi/12.1.0/../../../../arm-none-eabi/lib/armv6k/fpu/libg.a(lib_a-memchr-stub.o)
                0x000000000010bc70                memchr
 .text.memcpy   0x000000000010bd54      0x118 /opt/devkitpro/devkitARM/bin/../lib/gcc/arm-none-eabi/12.1.0/../../../../arm-none-eabi/lib/armv6k/fpu/libg.a(lib_a-memcpy-stub.o)
                0x000000000010bd54                memcpy
 .text.memset   0x000000000010be6c       0xf4 /opt/devkitpro/devkitARM/bin/../lib/gcc/arm-none-eabi/12.1.0/../../../../arm-none-eabi/lib/armv6k/fpu/libg.a(lib_a-memset.o)
                0x000000000010be6c                memset
 .text.__malloc_lock
                0x000000000010bf60        0xc /opt/devkitpro/devkitARM/bin/../lib/gcc/arm-none-eabi/12.1.0/../../../../arm-none-eabi/lib/armv6k/fpu/libg.a(lib_a-mlock.o)
                0x000000000010bf60                __malloc_lock
 .text.__malloc_unlock
                0x000000000010bf6c        0xc /opt/devkitpro/devkitARM/bin/../lib/gcc/arm-none-eabi/12.1.0/../../../../arm-none-eabi/lib/armv6k/fpu/libg.a(lib_a-mlock.o)
                0x000000000010bf6c                __malloc_unlock
 .text.printf   0x000000000010bf78       0x34 /opt/devkitpro/devkitARM/bin/../lib/gcc/arm-none-eabi/12.1.0/../../../../arm-none-eabi/lib/armv6k/fpu/libg.a(lib_a-printf.o)
                0x000000000010bf78                printf
 .text._puts_r  0x000000000010bfac       0xe0 /opt/devkitpro/devkitARM/bin/../lib/gcc/arm-none-eabi/12.1.0/../../../../arm-none-eabi/lib/armv6k/fpu/libg.a(lib_a-puts.o)
                0x000000000010bfac                _puts_r
 .text.puts     0x000000000010c08c       0x18 /opt/devkitpro/devkitARM/bin/../lib/gcc/arm-none-eabi/12.1.0/../../../../arm-none-eabi/lib/armv6k/fpu/libg.a(lib_a-puts.o)
                0x000000000010c08c                puts
 .text.setvbuf  0x000000000010c0a4      0x25c /opt/devkitpro/devkitARM/bin/../lib/gcc/arm-none-eabi/12.1.0/../../../../arm-none-eabi/lib/armv6k/fpu/libg.a(lib_a-setvbuf.o)
                0x000000000010c0a4                setvbuf
 .text.sscanf   0x000000000010c300       0x74 /opt/devkitpro/devkitARM/bin/../lib/gcc/arm-none-eabi/12.1.0/../../../../arm-none-eabi/lib/armv6k/fpu/libg.a(lib_a-sscanf.o)
                0x000000000010c300                sscanf
 .text.__sread  0x000000000010c374       0x44 /opt/devkitpro/devkitARM/bin/../lib/gcc/arm-none-eabi/12.1.0/../../../../arm-none-eabi/lib/armv6k/fpu/libg.a(lib_a-stdio.o)
                0x000000000010c374                __sread
 .text.__seofread
                0x000000000010c3b8        0x8 /opt/devkitpro/devkitARM/bin/../lib/gcc/arm-none-eabi/12.1.0/../../../../arm-none-eabi/lib/armv6k/fpu/libg.a(lib_a-stdio.o)
                0x000000000010c3b8                __seofread
 .text.__swrite
                0x000000000010c3c0       0x68 /opt/devkitpro/devkitARM/bin/../lib/gcc/arm-none-eabi/12.1.0/../../../../arm-none-eabi/lib/armv6k/fpu/libg.a(lib_a-stdio.o)
                0x000000000010c3c0                __swrite
 .text.__sseek  0x000000000010c428       0x44 /opt/devkitpro/devkitARM/bin/../lib/gcc/arm-none-eabi/12.1.0/../../../../arm-none-eabi/lib/armv6k/fpu/libg.a(lib_a-stdio.o)
                0x000000000010c428                __sseek
 .text.__sclose
                0x000000000010c46c        0x8 /opt/devkitpro/devkitARM/bin/../lib/gcc/arm-none-eabi/12.1.0/../../../../arm-none-eabi/lib/armv6k/fpu/libg.a(lib_a-stdio.o)
                0x000000000010c46c                __sclose
 .text.strlen   0x000000000010c474       0x5c /opt/devkitpro/devkitARM/bin/../lib/gcc/arm-none-eabi/12.1.0/../../../../arm-none-eabi/lib/armv6k/fpu/libg.a(lib_a-strlen-stub.o)
                0x000000000010c474                strlen
 .text.strncat  0x000000000010c4d0       0xe4 /opt/devkitpro/devkitARM/bin/../lib/gcc/arm-none-eabi/12.1.0/../../../../arm-none-eabi/lib/armv6k/fpu/libg.a(lib_a-strncat.o)
                0x000000000010c4d0                strncat
 .text.strncmp  0x000000000010c5b4       0xe4 /opt/devkitpro/devkitARM/bin/../lib/gcc/arm-none-eabi/12.1.0/../../../../arm-none-eabi/lib/armv6k/fpu/libg.a(lib_a-strncmp.o)
                0x000000000010c5b4                strncmp
 .text.strncpy  0x000000000010c698       0xc4 /opt/devkitpro/devkitARM/bin/../lib/gcc/arm-none-eabi/12.1.0/../../../../arm-none-eabi/lib/armv6k/fpu/libg.a(lib_a-strncpy.o)
                0x000000000010c698                strncpy
 .text.strnlen  0x000000000010c75c       0x48 /opt/devkitpro/devkitARM/bin/../lib/gcc/arm-none-eabi/12.1.0/../../../../arm-none-eabi/lib/armv6k/fpu/libg.a(lib_a-strnlen.o)
                0x000000000010c75c                strnlen
 .text._strtoul_l.constprop.0
                0x000000000010c7a4      0x1c4 /opt/devkitpro/devkitARM/bin/../lib/gcc/arm-none-eabi/12.1.0/../../../../arm-none-eabi/lib/armv6k/fpu/libg.a(lib_a-strtoul.o)
 .text._strtoul_r
                0x000000000010c968        0x4 /opt/devkitpro/devkitARM/bin/../lib/gcc/arm-none-eabi/12.1.0/../../../../arm-none-eabi/lib/armv6k/fpu/libg.a(lib_a-strtoul.o)
                0x000000000010c968                _strtoul_r
 .text.strtoul  0x000000000010c96c       0x28 /opt/devkitpro/devkitARM/bin/../lib/gcc/arm-none-eabi/12.1.0/../../../../arm-none-eabi/lib/armv6k/fpu/libg.a(lib_a-strtoul.o)
                0x000000000010c96c                strtoul
 .text.get_arg  0x000000000010c994       0x50 /opt/devkitpro/devkitARM/bin/../lib/gcc/arm-none-eabi/12.1.0/../../../../arm-none-eabi/lib/armv6k/fpu/libg.a(lib_a-svfscanf.o)
 .text.__ssvfscanf_r
                0x000000000010c9e4     0x2c38 /opt/devkitpro/devkitARM/bin/../lib/gcc/arm-none-eabi/12.1.0/../../../../arm-none-eabi/lib/armv6k/fpu/libg.a(lib_a-svfscanf.o)
                0x000000000010c9e4                __ssvfscanf_r
 .text.get_arg  0x000000000010f61c      0x66c /opt/devkitpro/devkitARM/bin/../lib/gcc/arm-none-eabi/12.1.0/../../../../arm-none-eabi/lib/armv6k/fpu/libg.a(lib_a-vfprintf.o)
 .text._vfprintf_r
                0x000000000010fc88     0x339c /opt/devkitpro/devkitARM/bin/../lib/gcc/arm-none-eabi/12.1.0/../../../../arm-none-eabi/lib/armv6k/fpu/libg.a(lib_a-vfprintf.o)
                0x000000000010fc88                _vfprintf_r
 .text.__sbprintf
                0x0000000000113024       0xd0 /opt/devkitpro/devkitARM/bin/../lib/gcc/arm-none-eabi/12.1.0/../../../../arm-none-eabi/lib/armv6k/fpu/libg.a(lib_a-vfprintf.o)
 .text._wcrtomb_r
                0x00000000001130f4       0x54 /opt/devkitpro/devkitARM/bin/../lib/gcc/arm-none-eabi/12.1.0/../../../../arm-none-eabi/lib/armv6k/fpu/libg.a(lib_a-wcrtomb.o)
                0x00000000001130f4                _wcrtomb_r
 .text._wcsrtombs_r
                0x0000000000113148       0x28 /opt/devkitpro/devkitARM/bin/../lib/gcc/arm-none-eabi/12.1.0/../../../../arm-none-eabi/lib/armv6k/fpu/libg.a(lib_a-wcsrtombs.o)
                0x0000000000113148                _wcsrtombs_r
 .text.__swsetup_r
                0x0000000000113170      0x13c /opt/devkitpro/devkitARM/bin/../lib/gcc/arm-none-eabi/12.1.0/../../../../arm-none-eabi/lib/armv6k/fpu/libg.a(lib_a-wsetup.o)
                0x0000000000113170                __swsetup_r
 .text.__call_exitprocs
                0x00000000001132ac      0x114 /opt/devkitpro/devkitARM/bin/../lib/gcc/arm-none-eabi/12.1.0/../../../../arm-none-eabi/lib/armv6k/fpu/libg.a(lib_a-__call_atexit.o)
                0x00000000001132ac                __call_exitprocs
 .text.quorem   0x00000000001133c0      0x1b0 /opt/devkitpro/devkitARM/bin/../lib/gcc/arm-none-eabi/12.1.0/../../../../arm-none-eabi/lib/armv6k/fpu/libg.a(lib_a-dtoa.o)
 .text._dtoa_r  0x0000000000113570     0x11f8 /opt/devkitpro/devkitARM/bin/../lib/gcc/arm-none-eabi/12.1.0/../../../../arm-none-eabi/lib/armv6k/fpu/libg.a(lib_a-dtoa.o)
                0x0000000000113570                _dtoa_r
 .text._fclose_r
                0x0000000000114768      0x15c /opt/devkitpro/devkitARM/bin/../lib/gcc/arm-none-eabi/12.1.0/../../../../arm-none-eabi/lib/armv6k/fpu/libg.a(lib_a-fclose.o)
                0x0000000000114768                _fclose_r
 .text.__sfvwrite_r
                0x00000000001148c4      0x4b4 /opt/devkitpro/devkitARM/bin/../lib/gcc/arm-none-eabi/12.1.0/../../../../arm-none-eabi/lib/armv6k/fpu/libg.a(lib_a-fvwrite.o)
                0x00000000001148c4                __sfvwrite_r
 .text.iswspace
                0x0000000000114d78        0x8 /opt/devkitpro/devkitARM/bin/../lib/gcc/arm-none-eabi/12.1.0/../../../../arm-none-eabi/lib/armv6k/fpu/libg.a(lib_a-iswspace.o)
                0x0000000000114d78                iswspace
 .text._localeconv_r
                0x0000000000114d80        0xc /opt/devkitpro/devkitARM/bin/../lib/gcc/arm-none-eabi/12.1.0/../../../../arm-none-eabi/lib/armv6k/fpu/libg.a(lib_a-localeconv.o)
                0x0000000000114d80                _localeconv_r
 .text.__locale_mb_cur_max
                0x0000000000114d8c       0x10 /opt/devkitpro/devkitARM/bin/../lib/gcc/arm-none-eabi/12.1.0/../../../../arm-none-eabi/lib/armv6k/fpu/libg.a(lib_a-locale.o)
                0x0000000000114d8c                __locale_mb_cur_max
 .text.__smakebuf_r
                0x0000000000114d9c      0x138 /opt/devkitpro/devkitARM/bin/../lib/gcc/arm-none-eabi/12.1.0/../../../../arm-none-eabi/lib/armv6k/fpu/libg.a(lib_a-makebuf.o)
                0x0000000000114d9c                __smakebuf_r
 .text.__swhatbuf_r
                0x0000000000114ed4       0x8c /opt/devkitpro/devkitARM/bin/../lib/gcc/arm-none-eabi/12.1.0/../../../../arm-none-eabi/lib/armv6k/fpu/libg.a(lib_a-makebuf.o)
                0x0000000000114ed4                __swhatbuf_r
 .text._mbrtowc_r
                0x0000000000114f60       0x68 /opt/devkitpro/devkitARM/bin/../lib/gcc/arm-none-eabi/12.1.0/../../../../arm-none-eabi/lib/armv6k/fpu/libg.a(lib_a-mbrtowc.o)
                0x0000000000114f60                _mbrtowc_r
 .text.__utf8_mbtowc
                0x0000000000114fc8      0x2f8 /opt/devkitpro/devkitARM/bin/../lib/gcc/arm-none-eabi/12.1.0/../../../../arm-none-eabi/lib/armv6k/fpu/libg.a(lib_a-mbtowc_r.o)
                0x0000000000114fc8                __utf8_mbtowc
 .text.memmove  0x00000000001152c0      0x150 /opt/devkitpro/devkitARM/bin/../lib/gcc/arm-none-eabi/12.1.0/../../../../arm-none-eabi/lib/armv6k/fpu/libg.a(lib_a-memmove.o)
                0x00000000001152c0                memmove
 .text._Balloc  0x0000000000115410       0x88 /opt/devkitpro/devkitARM/bin/../lib/gcc/arm-none-eabi/12.1.0/../../../../arm-none-eabi/lib/armv6k/fpu/libg.a(lib_a-mprec.o)
                0x0000000000115410                _Balloc
 .text._Bfree   0x0000000000115498       0x1c /opt/devkitpro/devkitARM/bin/../lib/gcc/arm-none-eabi/12.1.0/../../../../arm-none-eabi/lib/armv6k/fpu/libg.a(lib_a-mprec.o)
                0x0000000000115498                _Bfree
 .text.__multadd
                0x00000000001154b4       0xf4 /opt/devkitpro/devkitARM/bin/../lib/gcc/arm-none-eabi/12.1.0/../../../../arm-none-eabi/lib/armv6k/fpu/libg.a(lib_a-mprec.o)
                0x00000000001154b4                __multadd
 .text.__s2b    0x00000000001155a8      0x110 /opt/devkitpro/devkitARM/bin/../lib/gcc/arm-none-eabi/12.1.0/../../../../arm-none-eabi/lib/armv6k/fpu/libg.a(lib_a-mprec.o)
                0x00000000001155a8                __s2b
 .text.__hi0bits
                0x00000000001156b8       0x60 /opt/devkitpro/devkitARM/bin/../lib/gcc/arm-none-eabi/12.1.0/../../../../arm-none-eabi/lib/armv6k/fpu/libg.a(lib_a-mprec.o)
                0x00000000001156b8                __hi0bits
 .text.__lo0bits
                0x0000000000115718       0x9c /opt/devkitpro/devkitARM/bin/../lib/gcc/arm-none-eabi/12.1.0/../../../../arm-none-eabi/lib/armv6k/fpu/libg.a(lib_a-mprec.o)
                0x0000000000115718                __lo0bits
 .text.__i2b    0x00000000001157b4       0xa8 /opt/devkitpro/devkitARM/bin/../lib/gcc/arm-none-eabi/12.1.0/../../../../arm-none-eabi/lib/armv6k/fpu/libg.a(lib_a-mprec.o)
                0x00000000001157b4                __i2b
 .text.__multiply
                0x000000000011585c      0x204 /opt/devkitpro/devkitARM/bin/../lib/gcc/arm-none-eabi/12.1.0/../../../../arm-none-eabi/lib/armv6k/fpu/libg.a(lib_a-mprec.o)
                0x000000000011585c                __multiply
 .text.__pow5mult
                0x0000000000115a60      0x124 /opt/devkitpro/devkitARM/bin/../lib/gcc/arm-none-eabi/12.1.0/../../../../arm-none-eabi/lib/armv6k/fpu/libg.a(lib_a-mprec.o)
                0x0000000000115a60                __pow5mult
 .text.__lshift
                0x0000000000115b84      0x140 /opt/devkitpro/devkitARM/bin/../lib/gcc/arm-none-eabi/12.1.0/../../../../arm-none-eabi/lib/armv6k/fpu/libg.a(lib_a-mprec.o)
                0x0000000000115b84                __lshift
 .text.__mcmp   0x0000000000115cc4       0x58 /opt/devkitpro/devkitARM/bin/../lib/gcc/arm-none-eabi/12.1.0/../../../../arm-none-eabi/lib/armv6k/fpu/libg.a(lib_a-mprec.o)
                0x0000000000115cc4                __mcmp
 .text.__mdiff  0x0000000000115d1c      0x1ec /opt/devkitpro/devkitARM/bin/../lib/gcc/arm-none-eabi/12.1.0/../../../../arm-none-eabi/lib/armv6k/fpu/libg.a(lib_a-mprec.o)
                0x0000000000115d1c                __mdiff
 .text.__ulp    0x0000000000115f08       0x68 /opt/devkitpro/devkitARM/bin/../lib/gcc/arm-none-eabi/12.1.0/../../../../arm-none-eabi/lib/armv6k/fpu/libg.a(lib_a-mprec.o)
                0x0000000000115f08                __ulp
 .text.__b2d    0x0000000000115f70       0xd0 /opt/devkitpro/devkitARM/bin/../lib/gcc/arm-none-eabi/12.1.0/../../../../arm-none-eabi/lib/armv6k/fpu/libg.a(lib_a-mprec.o)
                0x0000000000115f70                __b2d
 .text.__d2b    0x0000000000116040      0x120 /opt/devkitpro/devkitARM/bin/../lib/gcc/arm-none-eabi/12.1.0/../../../../arm-none-eabi/lib/armv6k/fpu/libg.a(lib_a-mprec.o)
                0x0000000000116040                __d2b
 .text.__ratio  0x0000000000116160       0x78 /opt/devkitpro/devkitARM/bin/../lib/gcc/arm-none-eabi/12.1.0/../../../../arm-none-eabi/lib/armv6k/fpu/libg.a(lib_a-mprec.o)
                0x0000000000116160                __ratio
 .text.__copybits
                0x00000000001161d8       0x88 /opt/devkitpro/devkitARM/bin/../lib/gcc/arm-none-eabi/12.1.0/../../../../arm-none-eabi/lib/armv6k/fpu/libg.a(lib_a-mprec.o)
                0x00000000001161d8                __copybits
 .text.__any_on
                0x0000000000116260       0x5c /opt/devkitpro/devkitARM/bin/../lib/gcc/arm-none-eabi/12.1.0/../../../../arm-none-eabi/lib/armv6k/fpu/libg.a(lib_a-mprec.o)
                0x0000000000116260                __any_on
 .text.realloc  0x00000000001162bc       0x20 /opt/devkitpro/devkitARM/bin/../lib/gcc/arm-none-eabi/12.1.0/../../../../arm-none-eabi/lib/armv6k/fpu/libg.a(lib_a-realloc.o)
                0x00000000001162bc                realloc
 .text._realloc_r
                0x00000000001162dc      0x4a0 /opt/devkitpro/devkitARM/bin/../lib/gcc/arm-none-eabi/12.1.0/../../../../arm-none-eabi/lib/armv6k/fpu/libg.a(lib_a-reallocr.o)
                0x00000000001162dc                _realloc_r
 .text.__sccl   0x000000000011677c       0xf4 /opt/devkitpro/devkitARM/bin/../lib/gcc/arm-none-eabi/12.1.0/../../../../arm-none-eabi/lib/armv6k/fpu/libg.a(lib_a-sccl.o)
                0x000000000011677c                __sccl
 .text.nanf     0x0000000000116870        0xc /opt/devkitpro/devkitARM/bin/../lib/gcc/arm-none-eabi/12.1.0/../../../../arm-none-eabi/lib/armv6k/fpu/libg.a(lib_a-sf_nan.o)
                0x0000000000116870                nanf
 *fill*         0x000000000011687c        0x4 
 .text.frexp    0x0000000000116880       0x88 /opt/devkitpro/devkitARM/bin/../lib/gcc/arm-none-eabi/12.1.0/../../../../arm-none-eabi/lib/armv6k/fpu/libg.a(lib_a-s_frexp.o)
                0x0000000000116880                frexp
 .text.sprintf  0x0000000000116908       0x64 /opt/devkitpro/devkitARM/bin/../lib/gcc/arm-none-eabi/12.1.0/../../../../arm-none-eabi/lib/armv6k/fpu/libg.a(lib_a-sprintf.o)
                0x0000000000116908                sprintf
 .text.stpncpy  0x000000000011696c       0xcc /opt/devkitpro/devkitARM/bin/../lib/gcc/arm-none-eabi/12.1.0/../../../../arm-none-eabi/lib/armv6k/fpu/libg.a(lib_a-stpncpy.o)
                0x000000000011696c                stpncpy
 .text.strchr   0x0000000000116a38      0x130 /opt/devkitpro/devkitARM/bin/../lib/gcc/arm-none-eabi/12.1.0/../../../../arm-none-eabi/lib/armv6k/fpu/libg.a(lib_a-strchr.o)
                0x0000000000116a38                strchr
 .text.sulp     0x0000000000116b68       0x64 /opt/devkitpro/devkitARM/bin/../lib/gcc/arm-none-eabi/12.1.0/../../../../arm-none-eabi/lib/armv6k/fpu/libg.a(lib_a-strtod.o)
 *fill*         0x0000000000116bcc        0x4 
 .text._strtod_l
                0x0000000000116bd0     0x13a8 /opt/devkitpro/devkitARM/bin/../lib/gcc/arm-none-eabi/12.1.0/../../../../arm-none-eabi/lib/armv6k/fpu/libg.a(lib_a-strtod.o)
                0x0000000000116bd0                _strtod_l
 .text._strtod_r
                0x0000000000117f78        0xc /opt/devkitpro/devkitARM/bin/../lib/gcc/arm-none-eabi/12.1.0/../../../../arm-none-eabi/lib/armv6k/fpu/libg.a(lib_a-strtod.o)
                0x0000000000117f78                _strtod_r
 .text._strtoll_l.constprop.0
                0x0000000000117f84      0x22c /opt/devkitpro/devkitARM/bin/../lib/gcc/arm-none-eabi/12.1.0/../../../../arm-none-eabi/lib/armv6k/fpu/libg.a(lib_a-strtoll.o)
 .text._strtoll_r
                0x00000000001181b0        0x4 /opt/devkitpro/devkitARM/bin/../lib/gcc/arm-none-eabi/12.1.0/../../../../arm-none-eabi/lib/armv6k/fpu/libg.a(lib_a-strtoll.o)
                0x00000000001181b0                _strtoll_r
 .text._strtol_l.part.0
                0x00000000001181b4      0x1a4 /opt/devkitpro/devkitARM/bin/../lib/gcc/arm-none-eabi/12.1.0/../../../../arm-none-eabi/lib/armv6k/fpu/libg.a(lib_a-strtol.o)
 .text._strtol_r
                0x0000000000118358       0x3c /opt/devkitpro/devkitARM/bin/../lib/gcc/arm-none-eabi/12.1.0/../../../../arm-none-eabi/lib/armv6k/fpu/libg.a(lib_a-strtol.o)
                0x0000000000118358                _strtol_r
 .text._strtoull_l.constprop.0
                0x0000000000118394      0x244 /opt/devkitpro/devkitARM/bin/../lib/gcc/arm-none-eabi/12.1.0/../../../../arm-none-eabi/lib/armv6k/fpu/libg.a(lib_a-strtoull.o)
 .text._strtoull_r
                0x00000000001185d8        0x4 /opt/devkitpro/devkitARM/bin/../lib/gcc/arm-none-eabi/12.1.0/../../../../arm-none-eabi/lib/armv6k/fpu/libg.a(lib_a-strtoull.o)
                0x00000000001185d8                _strtoull_r
 .text.__ssprint_r
                0x00000000001185dc      0x188 /opt/devkitpro/devkitARM/bin/../lib/gcc/arm-none-eabi/12.1.0/../../../../arm-none-eabi/lib/armv6k/fpu/libg.a(lib_a-svfiprintf.o)
                0x00000000001185dc                __ssprint_r
 .text._sungetc_r
                0x0000000000118764       0xd4 /opt/devkitpro/devkitARM/bin/../lib/gcc/arm-none-eabi/12.1.0/../../../../arm-none-eabi/lib/armv6k/fpu/libg.a(lib_a-svfiscanf.o)
                0x0000000000118764                _sungetc_r
 .text.__ssrefill_r
                0x0000000000118838       0x6c /opt/devkitpro/devkitARM/bin/../lib/gcc/arm-none-eabi/12.1.0/../../../../arm-none-eabi/lib/armv6k/fpu/libg.a(lib_a-svfiscanf.o)
                0x0000000000118838                __ssrefill_r
 .text._sfread_r
                0x00000000001188a4       0xc4 /opt/devkitpro/devkitARM/bin/../lib/gcc/arm-none-eabi/12.1.0/../../../../arm-none-eabi/lib/armv6k/fpu/libg.a(lib_a-svfiscanf.o)
                0x00000000001188a4                _sfread_r
 .text.get_arg  0x0000000000118968      0x66c /opt/devkitpro/devkitARM/bin/../lib/gcc/arm-none-eabi/12.1.0/../../../../arm-none-eabi/lib/armv6k/fpu/libg.a(lib_a-svfprintf.o)
 *fill*         0x0000000000118fd4        0x4 
 .text._svfprintf_r
                0x0000000000118fd8     0x3334 /opt/devkitpro/devkitARM/bin/../lib/gcc/arm-none-eabi/12.1.0/../../../../arm-none-eabi/lib/armv6k/fpu/libg.a(lib_a-svfprintf.o)
                0x0000000000118fd8                _svfprintf_r
 .text.__submore
                0x000000000011c30c       0xa8 /opt/devkitpro/devkitARM/bin/../lib/gcc/arm-none-eabi/12.1.0/../../../../arm-none-eabi/lib/armv6k/fpu/libg.a(lib_a-ungetc.o)
                0x000000000011c30c                __submore
 .text.get_arg  0x000000000011c3b4      0x66c /opt/devkitpro/devkitARM/bin/../lib/gcc/arm-none-eabi/12.1.0/../../../../arm-none-eabi/lib/armv6k/fpu/libg.a(lib_a-vfiprintf.o)
 .text.__sprint_r
                0x000000000011ca20       0x30 /opt/devkitpro/devkitARM/bin/../lib/gcc/arm-none-eabi/12.1.0/../../../../arm-none-eabi/lib/armv6k/fpu/libg.a(lib_a-vfiprintf.o)
                0x000000000011ca20                __sprint_r
 .text._vfiprintf_r
                0x000000000011ca50     0x22ec /opt/devkitpro/devkitARM/bin/../lib/gcc/arm-none-eabi/12.1.0/../../../../arm-none-eabi/lib/armv6k/fpu/libg.a(lib_a-vfiprintf.o)
                0x000000000011ca50                _vfiprintf_r
 .text.__sbprintf
                0x000000000011ed3c       0xd0 /opt/devkitpro/devkitARM/bin/../lib/gcc/arm-none-eabi/12.1.0/../../../../arm-none-eabi/lib/armv6k/fpu/libg.a(lib_a-vfiprintf.o)
 .text._wcsnrtombs_l
                0x000000000011ee0c      0x188 /opt/devkitpro/devkitARM/bin/../lib/gcc/arm-none-eabi/12.1.0/../../../../arm-none-eabi/lib/armv6k/fpu/libg.a(lib_a-wcsnrtombs.o)
                0x000000000011ee0c                _wcsnrtombs_l
 .text._wcsnrtombs_r
                0x000000000011ef94       0x4c /opt/devkitpro/devkitARM/bin/../lib/gcc/arm-none-eabi/12.1.0/../../../../arm-none-eabi/lib/armv6k/fpu/libg.a(lib_a-wcsnrtombs.o)
                0x000000000011ef94                _wcsnrtombs_r
 .text.__utf8_wctomb
                0x000000000011efe0       0xf0 /opt/devkitpro/devkitARM/bin/../lib/gcc/arm-none-eabi/12.1.0/../../../../arm-none-eabi/lib/armv6k/fpu/libg.a(lib_a-wctomb_r.o)
                0x000000000011efe0                __utf8_wctomb
 .text.__assert_func
                0x000000000011f0d0       0x5c /opt/devkitpro/devkitARM/bin/../lib/gcc/arm-none-eabi/12.1.0/../../../../arm-none-eabi/lib/armv6k/fpu/libg.a(lib_a-assert.o)
                0x000000000011f0d0                __assert_func
 .text._calloc_r
                0x000000000011f12c       0xc0 /opt/devkitpro/devkitARM/bin/../lib/gcc/arm-none-eabi/12.1.0/../../../../arm-none-eabi/lib/armv6k/fpu/libg.a(lib_a-callocr.o)
                0x000000000011f12c                _calloc_r
 .text.fiprintf
                0x000000000011f1ec       0x3c /opt/devkitpro/devkitARM/bin/../lib/gcc/arm-none-eabi/12.1.0/../../../../arm-none-eabi/lib/armv6k/fpu/libg.a(lib_a-fiprintf.o)
                0x000000000011f1ec                fiprintf
 .text.rshift   0x000000000011f228       0xf0 /opt/devkitpro/devkitARM/bin/../lib/gcc/arm-none-eabi/12.1.0/../../../../arm-none-eabi/lib/armv6k/fpu/libg.a(lib_a-gdtoa-gethex.o)
 .text.__gethex
                0x000000000011f318      0x814 /opt/devkitpro/devkitARM/bin/../lib/gcc/arm-none-eabi/12.1.0/../../../../arm-none-eabi/lib/armv6k/fpu/libg.a(lib_a-gdtoa-gethex.o)
                0x000000000011f318                __gethex
 .text.__match  0x000000000011fb2c       0x4c /opt/devkitpro/devkitARM/bin/../lib/gcc/arm-none-eabi/12.1.0/../../../../arm-none-eabi/lib/armv6k/fpu/libg.a(lib_a-gdtoa-hexnan.o)
                0x000000000011fb2c                __match
 .text.__hexnan
                0x000000000011fb78      0x29c /opt/devkitpro/devkitARM/bin/../lib/gcc/arm-none-eabi/12.1.0/../../../../arm-none-eabi/lib/armv6k/fpu/libg.a(lib_a-gdtoa-hexnan.o)
                0x000000000011fb78                __hexnan
 .text.iswspace_l
                0x000000000011fe14       0x3c /opt/devkitpro/devkitARM/bin/../lib/gcc/arm-none-eabi/12.1.0/../../../../arm-none-eabi/lib/armv6k/fpu/libg.a(lib_a-iswspace_l.o)
                0x000000000011fe14                iswspace_l
 .text.__jp2uc  0x000000000011fe50      0x1d8 /opt/devkitpro/devkitARM/bin/../lib/gcc/arm-none-eabi/12.1.0/../../../../arm-none-eabi/lib/armv6k/fpu/libg.a(lib_a-jp2uc.o)
 .text._jp2uc_l
                0x0000000000120028       0x9c /opt/devkitpro/devkitARM/bin/../lib/gcc/arm-none-eabi/12.1.0/../../../../arm-none-eabi/lib/armv6k/fpu/libg.a(lib_a-jp2uc.o)
                0x0000000000120028                _jp2uc_l
 *fill*         0x00000000001200c4        0x4 
 .text.nan      0x00000000001200c8       0x10 /opt/devkitpro/devkitARM/bin/../lib/gcc/arm-none-eabi/12.1.0/../../../../arm-none-eabi/lib/armv6k/fpu/libg.a(lib_a-s_nan.o)
                0x00000000001200c8                nan
 .text.abort    0x00000000001200d8       0x14 /opt/devkitpro/devkitARM/bin/../lib/gcc/arm-none-eabi/12.1.0/../../../../arm-none-eabi/lib/armv6k/fpu/libg.a(lib_a-abort.o)
                0x00000000001200d8                abort
 .text.category
                0x00000000001200ec       0x8c /opt/devkitpro/devkitARM/bin/../lib/gcc/arm-none-eabi/12.1.0/../../../../arm-none-eabi/lib/armv6k/fpu/libg.a(lib_a-categories.o)
                0x00000000001200ec                category
 .text._raise_r
                0x0000000000120178       0x90 /opt/devkitpro/devkitARM/bin/../lib/gcc/arm-none-eabi/12.1.0/../../../../arm-none-eabi/lib/armv6k/fpu/libg.a(lib_a-signal.o)
                0x0000000000120178                _raise_r
 .text.raise    0x0000000000120208       0x18 /opt/devkitpro/devkitARM/bin/../lib/gcc/arm-none-eabi/12.1.0/../../../../arm-none-eabi/lib/armv6k/fpu/libg.a(lib_a-signal.o)
                0x0000000000120208                raise
 .text.null_write
                0x0000000000120220        0x8 /opt/devkitpro/devkitARM/bin/../lib/gcc/arm-none-eabi/12.1.0/../../../../arm-none-eabi/lib/armv6k/fpu/libsysbase.a(iosupport.o)
 .text.setDefaultDevice
                0x0000000000120228       0x18 /opt/devkitpro/devkitARM/bin/../lib/gcc/arm-none-eabi/12.1.0/../../../../arm-none-eabi/lib/armv6k/fpu/libsysbase.a(iosupport.o)
                0x0000000000120228                setDefaultDevice
 .text.FindDevice
                0x0000000000120240       0xc8 /opt/devkitpro/devkitARM/bin/../lib/gcc/arm-none-eabi/12.1.0/../../../../arm-none-eabi/lib/armv6k/fpu/libsysbase.a(iosupport.o)
                0x0000000000120240                FindDevice
 .text.RemoveDevice
                0x0000000000120308       0x28 /opt/devkitpro/devkitARM/bin/../lib/gcc/arm-none-eabi/12.1.0/../../../../arm-none-eabi/lib/armv6k/fpu/libsysbase.a(iosupport.o)
                0x0000000000120308                RemoveDevice
 .text.AddDevice
                0x0000000000120330       0x9c /opt/devkitpro/devkitARM/bin/../lib/gcc/arm-none-eabi/12.1.0/../../../../arm-none-eabi/lib/armv6k/fpu/libsysbase.a(iosupport.o)
                0x0000000000120330                AddDevice
 .text.GetDeviceOpTab
                0x00000000001203cc       0x20 /opt/devkitpro/devkitARM/bin/../lib/gcc/arm-none-eabi/12.1.0/../../../../arm-none-eabi/lib/armv6k/fpu/libsysbase.a(iosupport.o)
                0x00000000001203cc                GetDeviceOpTab
 .text._fstat_r
                0x00000000001203ec       0x78 /opt/devkitpro/devkitARM/bin/../lib/gcc/arm-none-eabi/12.1.0/../../../../arm-none-eabi/lib/armv6k/fpu/libsysbase.a(fstat.o)
                0x00000000001203ec                _fstat_r
 .text._getpid_r
                0x0000000000120464       0x14 /opt/devkitpro/devkitARM/bin/../lib/gcc/arm-none-eabi/12.1.0/../../../../arm-none-eabi/lib/armv6k/fpu/libsysbase.a(getpid.o)
                0x0000000000120464                _getpid_r
 .text._isatty_r
                0x0000000000120478        0x8 /opt/devkitpro/devkitARM/bin/../lib/gcc/arm-none-eabi/12.1.0/../../../../arm-none-eabi/lib/armv6k/fpu/libsysbase.a(isatty.o)
                0x0000000000120478                _isatty_r
 .text._kill_r  0x0000000000120480       0x14 /opt/devkitpro/devkitARM/bin/../lib/gcc/arm-none-eabi/12.1.0/../../../../arm-none-eabi/lib/armv6k/fpu/libsysbase.a(kill.o)
                0x0000000000120480                _kill_r
 .text._lseek_r
                0x0000000000120494       0x84 /opt/devkitpro/devkitARM/bin/../lib/gcc/arm-none-eabi/12.1.0/../../../../arm-none-eabi/lib/armv6k/fpu/libsysbase.a(lseek.o)
                0x0000000000120494                _lseek_r
 .text._read_r  0x0000000000120518       0x80 /opt/devkitpro/devkitARM/bin/../lib/gcc/arm-none-eabi/12.1.0/../../../../arm-none-eabi/lib/armv6k/fpu/libsysbase.a(read.o)
                0x0000000000120518                _read_r
 .text._sbrk_r  0x0000000000120598       0x78 /opt/devkitpro/devkitARM/bin/../lib/gcc/arm-none-eabi/12.1.0/../../../../arm-none-eabi/lib/armv6k/fpu/libsysbase.a(sbrk.o)
                0x0000000000120598                _sbrk_r
 .text._write_r
                0x0000000000120610       0x80 /opt/devkitpro/devkitARM/bin/../lib/gcc/arm-none-eabi/12.1.0/../../../../arm-none-eabi/lib/armv6k/fpu/libsysbase.a(write.o)
                0x0000000000120610                _write_r
 .text._exit    0x0000000000120690       0x20 /opt/devkitpro/devkitARM/bin/../lib/gcc/arm-none-eabi/12.1.0/../../../../arm-none-eabi/lib/armv6k/fpu/libsysbase.a(_exit.o)
                0x0000000000120690                _exit
 .text._concatenate_path
                0x00000000001206b0      0x1a4 /opt/devkitpro/devkitARM/bin/../lib/gcc/arm-none-eabi/12.1.0/../../../../arm-none-eabi/lib/armv6k/fpu/libsysbase.a(chdir.o)
                0x00000000001206b0                _concatenate_path
 .text.chdir    0x0000000000120854      0x140 /opt/devkitpro/devkitARM/bin/../lib/gcc/arm-none-eabi/12.1.0/../../../../arm-none-eabi/lib/armv6k/fpu/libsysbase.a(chdir.o)
                0x0000000000120854                chdir
 .text.__flockfile
                0x0000000000120994        0x8 /opt/devkitpro/devkitARM/bin/../lib/gcc/arm-none-eabi/12.1.0/../../../../arm-none-eabi/lib/armv6k/fpu/libsysbase.a(flock.o)
                0x0000000000120994                __flockfile
 .text.__funlockfile
                0x000000000012099c        0x8 /opt/devkitpro/devkitARM/bin/../lib/gcc/arm-none-eabi/12.1.0/../../../../arm-none-eabi/lib/armv6k/fpu/libsysbase.a(flock.o)
                0x000000000012099c                __funlockfile
 .text.__get_handle
                0x00000000001209a4       0x3c /opt/devkitpro/devkitARM/bin/../lib/gcc/arm-none-eabi/12.1.0/../../../../arm-none-eabi/lib/armv6k/fpu/libsysbase.a(handle_manager.o)
                0x00000000001209a4                __get_handle
 .text._close_r
                0x00000000001209e0       0xf4 /opt/devkitpro/devkitARM/bin/../lib/gcc/arm-none-eabi/12.1.0/../../../../arm-none-eabi/lib/armv6k/fpu/libsysbase.a(handle_manager.o)
                0x00000000001209e0                _close_r
 .text.__getreent
                0x0000000000120ad4       0x2c /opt/devkitpro/devkitARM/bin/../lib/gcc/arm-none-eabi/12.1.0/../../../../arm-none-eabi/lib/armv6k/fpu/libsysbase.a(getreent.o)
                0x0000000000120ad4                __getreent
 .text.__libc_lock_acquire
                0x0000000000120b00       0x1c /opt/devkitpro/devkitARM/bin/../lib/gcc/arm-none-eabi/12.1.0/../../../../arm-none-eabi/lib/armv6k/fpu/libsysbase.a(syscall_support.o)
                0x0000000000120b00                __libc_lock_acquire
 .text.__libc_lock_release
                0x0000000000120b1c       0x1c /opt/devkitpro/devkitARM/bin/../lib/gcc/arm-none-eabi/12.1.0/../../../../arm-none-eabi/lib/armv6k/fpu/libsysbase.a(syscall_support.o)
                0x0000000000120b1c                __libc_lock_release
 .text.__libc_lock_init_recursive
                0x0000000000120b38       0x1c /opt/devkitpro/devkitARM/bin/../lib/gcc/arm-none-eabi/12.1.0/../../../../arm-none-eabi/lib/armv6k/fpu/libsysbase.a(syscall_support.o)
                0x0000000000120b38                __libc_lock_init_recursive
 .text.__libc_lock_acquire_recursive
                0x0000000000120b54       0x1c /opt/devkitpro/devkitARM/bin/../lib/gcc/arm-none-eabi/12.1.0/../../../../arm-none-eabi/lib/armv6k/fpu/libsysbase.a(syscall_support.o)
                0x0000000000120b54                __libc_lock_acquire_recursive
 .text.__libc_lock_release_recursive
                0x0000000000120b70       0x1c /opt/devkitpro/devkitARM/bin/../lib/gcc/arm-none-eabi/12.1.0/../../../../arm-none-eabi/lib/armv6k/fpu/libsysbase.a(syscall_support.o)
                0x0000000000120b70                __libc_lock_release_recursive
 .text.__libc_lock_close_recursive
                0x0000000000120b8c       0x1c /opt/devkitpro/devkitARM/bin/../lib/gcc/arm-none-eabi/12.1.0/../../../../arm-none-eabi/lib/armv6k/fpu/libsysbase.a(syscall_support.o)
                0x0000000000120b8c                __libc_lock_close_recursive
 .text.__fixdfdi
                0x0000000000120ba8       0x38 /opt/devkitpro/devkitARM/bin/../lib/gcc/arm-none-eabi/12.1.0/armv6k/fpu/libgcc.a(_fixdfdi.o)
                0x0000000000120ba8                __aeabi_d2lz
                0x0000000000120ba8                __fixdfdi
 .text.__fixunsdfdi
                0x0000000000120be0       0x40 /opt/devkitpro/devkitARM/bin/../lib/gcc/arm-none-eabi/12.1.0/armv6k/fpu/libgcc.a(_fixunsdfdi.o)
                0x0000000000120be0                __aeabi_d2ulz
                0x0000000000120be0                __fixunsdfdi
 .text.strrchr  0x0000000000120c20       0x48 /opt/devkitpro/devkitARM/bin/../lib/gcc/arm-none-eabi/12.1.0/../../../../arm-none-eabi/lib/armv6k/fpu/libg.a(lib_a-strrchr.o)
                0x0000000000120c20                strrchr
 *(.glue_7)
 .glue_7        0x0000000000120c68        0x0 linker stubs
 *(.glue_7t)
 .glue_7t       0x0000000000120c68        0x0 linker stubs
 *(.stub)
 *(.gnu.warning)
 *(.gnu.linkonce.t*)
                0x0000000000120c68                . = ALIGN (0x4)
 *(.fini)
 .fini          0x0000000000120c68        0xc /opt/devkitpro/devkitARM/bin/../lib/gcc/arm-none-eabi/12.1.0/armv6k/fpu/crti.o
                0x0000000000120c68                _fini
 .fini          0x0000000000120c74        0xc /opt/devkitpro/devkitARM/bin/../lib/gcc/arm-none-eabi/12.1.0/armv6k/fpu/crtn.o
                0x0000000000120c80                . = ALIGN (0x4)

.vfp11_veneer   0x0000000000120c80        0x0
 .vfp11_veneer  0x0000000000120c80        0x0 linker stubs

.v4_bx          0x0000000000120c80        0x0
 .v4_bx         0x0000000000120c80        0x0 linker stubs

.iplt           0x0000000000120c80        0x0
 .iplt          0x0000000000120c80        0x0 /opt/devkitpro/devkitARM/bin/../lib/gcc/arm-none-eabi/12.1.0/../../../../arm-none-eabi/lib/armv6k/fpu/3dsx_crt0.o
                0x0000000000121000                . = ALIGN (0x1000)

.rodata         0x0000000000121000     0x7d50
 *(.rodata)
 .rodata        0x0000000000121000        0x3 /opt/devkitpro/libctru/lib/libctru.a(apt.o)
 *fill*         0x0000000000121003        0x1 
 .rodata        0x0000000000121004        0xc /opt/devkitpro/libctru/lib/libctru.a(archive_dev.o)
 *(.roda)
 *(.rodata.*)
 .rodata.str1.4
                0x0000000000121010       0xa9 main.o
 *fill*         0x00000000001210b9        0x3 
 .rodata.parseColor.str1.4
                0x00000000001210bc       0x1b /opt/devkitpro/libctru/lib/libctru.a(console.o)
 *fill*         0x00000000001210d7        0x1 
 .rodata.con_write.str1.4
                0x00000000001210d8       0x4a /opt/devkitpro/libctru/lib/libctru.a(console.o)
 *fill*         0x0000000000121122        0x2 
 .rodata.str1.4
                0x0000000000121124       0x10 /opt/devkitpro/libctru/lib/libctru.a(console.o)
 .rodata.dotab_stdout
                0x0000000000121134       0x70 /opt/devkitpro/libctru/lib/libctru.a(console.o)
 .rodata.grayScale
                0x00000000001211a4       0x18 /opt/devkitpro/libctru/lib/libctru.a(console.o)
 .rodata.colorCube
                0x00000000001211bc        0x6 /opt/devkitpro/libctru/lib/libctru.a(console.o)
 *fill*         0x00000000001211c2        0x2 
 .rodata.colorTable
                0x00000000001211c4       0x30 /opt/devkitpro/libctru/lib/libctru.a(console.o)
 .rodata.gspInit.str1.4
                0x00000000001211f4        0x9 /opt/devkitpro/libctru/lib/libctru.a(gspgpu.o)
 *fill*         0x00000000001211fd        0x3 
 .rodata.aptSendCommand.str1.4
                0x0000000000121200       0x16 /opt/devkitpro/libctru/lib/libctru.a(apt.o)
 *fill*         0x0000000000121216        0x2 
 .rodata.morton_y.2
                0x0000000000121218        0x8 /opt/devkitpro/libctru/lib/libctru.a(apt.o)
 .rodata.morton_x.3
                0x0000000000121220        0x8 /opt/devkitpro/libctru/lib/libctru.a(apt.o)
 .rodata.s_sleepWakeEvents.4
                0x0000000000121228        0x8 /opt/devkitpro/libctru/lib/libctru.a(apt.o)
 .rodata.hidInit.str1.4
                0x0000000000121230       0x15 /opt/devkitpro/libctru/lib/libctru.a(hid.o)
 *fill*         0x0000000000121245        0x3 
 .rodata.__system_initArgv.str1.4
                0x0000000000121248        0xa /opt/devkitpro/libctru/lib/libctru.a(initArgv.o)
 *fill*         0x0000000000121252        0x2 
 .rodata.default_font_bin
                0x0000000000121254      0x800 /opt/devkitpro/libctru/lib/libctru.a(default_font.bin.o)
                0x0000000000121254                default_font_bin
                0x0000000000121a54                default_font_bin_end
 .rodata.srvInit.str1.4
                0x0000000000121a54        0x5 /opt/devkitpro/libctru/lib/libctru.a(srv.o)
 *fill*         0x0000000000121a59        0x3 
 .rodata.irrstInit.str1.4
                0x0000000000121a5c        0x7 /opt/devkitpro/libctru/lib/libctru.a(irrst.o)
 *fill*         0x0000000000121a63        0x1 
 .rodata.ptmSysmInit.str1.4
                0x0000000000121a64        0x9 /opt/devkitpro/libctru/lib/libctru.a(ptmsysm.o)
 *fill*         0x0000000000121a6d        0x3 
 .rodata._archiveUnmountDeviceStruct.part.0.str1.4
                0x0000000000121a70        0x2 /opt/devkitpro/libctru/lib/libctru.a(archive_dev.o)
 *fill*         0x0000000000121a72        0x2 
 .rodata._archiveMountDevice.str1.4
                0x0000000000121a74        0x8 /opt/devkitpro/libctru/lib/libctru.a(archive_dev.o)
                                          0xc (size before relaxing)
 .rodata.archiveMountSdmc.str1.4
                0x0000000000121a7c        0x5 /opt/devkitpro/libctru/lib/libctru.a(archive_dev.o)
 *fill*         0x0000000000121a81        0x3 
 .rodata.error_table
                0x0000000000121a84       0x30 /opt/devkitpro/libctru/lib/libctru.a(archive_dev.o)
 .rodata.str1.4
                0x0000000000121ab4        0x8 /opt/devkitpro/libctru/lib/libctru.a(archive_dev.o)
 .rodata.archive_devoptab
                0x0000000000121abc       0x70 /opt/devkitpro/libctru/lib/libctru.a(archive_dev.o)
 .rodata.fsInit.str1.4
                0x0000000000121b2c        0x8 /opt/devkitpro/libctru/lib/libctru.a(fs.o)
 .rodata._global_impure_ptr
                0x0000000000121b34        0x4 /opt/devkitpro/devkitARM/bin/../lib/gcc/arm-none-eabi/12.1.0/../../../../arm-none-eabi/lib/armv6k/fpu/libg.a(lib_a-impure.o)
                0x0000000000121b34                _global_impure_ptr
 .rodata._puts_r.str1.4
                0x0000000000121b38        0x2 /opt/devkitpro/devkitARM/bin/../lib/gcc/arm-none-eabi/12.1.0/../../../../arm-none-eabi/lib/armv6k/fpu/libg.a(lib_a-puts.o)
 .rodata.__ssvfscanf_r.str1.1
                0x0000000000121b3a        0x5 /opt/devkitpro/devkitARM/bin/../lib/gcc/arm-none-eabi/12.1.0/../../../../arm-none-eabi/lib/armv6k/fpu/libg.a(lib_a-svfscanf.o)
                                          0x6 (size before relaxing)
 *fill*         0x0000000000121b3f        0x1 
 .rodata.basefix.0
                0x0000000000121b40       0x22 /opt/devkitpro/devkitARM/bin/../lib/gcc/arm-none-eabi/12.1.0/../../../../arm-none-eabi/lib/armv6k/fpu/libg.a(lib_a-svfscanf.o)
 .rodata._vfprintf_r.str1.1
                0x0000000000121b62       0x3b /opt/devkitpro/devkitARM/bin/../lib/gcc/arm-none-eabi/12.1.0/../../../../arm-none-eabi/lib/armv6k/fpu/libg.a(lib_a-vfprintf.o)
 *fill*         0x0000000000121b9d        0x3 
 .rodata.zeroes.0
                0x0000000000121ba0       0x10 /opt/devkitpro/devkitARM/bin/../lib/gcc/arm-none-eabi/12.1.0/../../../../arm-none-eabi/lib/armv6k/fpu/libg.a(lib_a-vfprintf.o)
 .rodata.blanks.1
                0x0000000000121bb0       0x10 /opt/devkitpro/devkitARM/bin/../lib/gcc/arm-none-eabi/12.1.0/../../../../arm-none-eabi/lib/armv6k/fpu/libg.a(lib_a-vfprintf.o)
 .rodata._ctype_
                0x0000000000121bc0      0x101 /opt/devkitpro/devkitARM/bin/../lib/gcc/arm-none-eabi/12.1.0/../../../../arm-none-eabi/lib/armv6k/fpu/libg.a(lib_a-ctype_.o)
                0x0000000000121bc0                _ctype_
 *fill*         0x0000000000121cc1        0x3 
 .rodata._dtoa_r.str1.4
                0x0000000000121cc4       0x70 /opt/devkitpro/devkitARM/bin/../lib/gcc/arm-none-eabi/12.1.0/../../../../arm-none-eabi/lib/armv6k/fpu/libg.a(lib_a-dtoa.o)
 .rodata.str1.4
                0x0000000000121d34       0x48 /opt/devkitpro/devkitARM/bin/../lib/gcc/arm-none-eabi/12.1.0/../../../../arm-none-eabi/lib/armv6k/fpu/libg.a(lib_a-locale.o)
                                         0x4c (size before relaxing)
 .rodata._mbrtowc_r.str1.4
                0x0000000000121d7c        0x1 /opt/devkitpro/devkitARM/bin/../lib/gcc/arm-none-eabi/12.1.0/../../../../arm-none-eabi/lib/armv6k/fpu/libg.a(lib_a-mbrtowc.o)
 .rodata.__multadd.str1.4
                0x0000000000121d7c       0x49 /opt/devkitpro/devkitARM/bin/../lib/gcc/arm-none-eabi/12.1.0/../../../../arm-none-eabi/lib/armv6k/fpu/libg.a(lib_a-mprec.o)
                                         0x5d (size before relaxing)
 *fill*         0x0000000000121dc5        0x3 
 .rodata.p05.0  0x0000000000121dc8        0xc /opt/devkitpro/devkitARM/bin/../lib/gcc/arm-none-eabi/12.1.0/../../../../arm-none-eabi/lib/armv6k/fpu/libg.a(lib_a-mprec.o)
 *fill*         0x0000000000121dd4        0x4 
 .rodata.__mprec_bigtens
                0x0000000000121dd8       0x28 /opt/devkitpro/devkitARM/bin/../lib/gcc/arm-none-eabi/12.1.0/../../../../arm-none-eabi/lib/armv6k/fpu/libg.a(lib_a-mprec.o)
                0x0000000000121dd8                __mprec_bigtens
 .rodata.__mprec_tens
                0x0000000000121e00       0xc8 /opt/devkitpro/devkitARM/bin/../lib/gcc/arm-none-eabi/12.1.0/../../../../arm-none-eabi/lib/armv6k/fpu/libg.a(lib_a-mprec.o)
                0x0000000000121e00                __mprec_tens
 .rodata._strtod_l.str1.4
                0x0000000000121ec8        0xf /opt/devkitpro/devkitARM/bin/../lib/gcc/arm-none-eabi/12.1.0/../../../../arm-none-eabi/lib/armv6k/fpu/libg.a(lib_a-strtod.o)
                                         0x15 (size before relaxing)
 *fill*         0x0000000000121ed7        0x1 
 .rodata.fpinan.0
                0x0000000000121ed8       0x14 /opt/devkitpro/devkitARM/bin/../lib/gcc/arm-none-eabi/12.1.0/../../../../arm-none-eabi/lib/armv6k/fpu/libg.a(lib_a-strtod.o)
 .rodata.fpi.1  0x0000000000121eec       0x14 /opt/devkitpro/devkitARM/bin/../lib/gcc/arm-none-eabi/12.1.0/../../../../arm-none-eabi/lib/armv6k/fpu/libg.a(lib_a-strtod.o)
 .rodata.tinytens
                0x0000000000121f00       0x28 /opt/devkitpro/devkitARM/bin/../lib/gcc/arm-none-eabi/12.1.0/../../../../arm-none-eabi/lib/armv6k/fpu/libg.a(lib_a-strtod.o)
 .rodata.__action_table
                0x0000000000121f28       0x6c /opt/devkitpro/devkitARM/bin/../lib/gcc/arm-none-eabi/12.1.0/../../../../arm-none-eabi/lib/armv6k/fpu/libg.a(lib_a-svfiprintf.o)
                0x0000000000121f28                __action_table
 .rodata.__state_table
                0x0000000000121f94       0x6c /opt/devkitpro/devkitARM/bin/../lib/gcc/arm-none-eabi/12.1.0/../../../../arm-none-eabi/lib/armv6k/fpu/libg.a(lib_a-svfiprintf.o)
                0x0000000000121f94                __state_table
 .rodata.__chclass
                0x0000000000122000      0x100 /opt/devkitpro/devkitARM/bin/../lib/gcc/arm-none-eabi/12.1.0/../../../../arm-none-eabi/lib/armv6k/fpu/libg.a(lib_a-svfiprintf.o)
                0x0000000000122000                __chclass
 .rodata._svfprintf_r.str1.1
                0x0000000000122100       0x3b /opt/devkitpro/devkitARM/bin/../lib/gcc/arm-none-eabi/12.1.0/../../../../arm-none-eabi/lib/armv6k/fpu/libg.a(lib_a-svfprintf.o)
 .rodata.zeroes.0
                0x0000000000122100       0x10 /opt/devkitpro/devkitARM/bin/../lib/gcc/arm-none-eabi/12.1.0/../../../../arm-none-eabi/lib/armv6k/fpu/libg.a(lib_a-svfprintf.o)
 .rodata.blanks.1
                0x0000000000122110       0x10 /opt/devkitpro/devkitARM/bin/../lib/gcc/arm-none-eabi/12.1.0/../../../../arm-none-eabi/lib/armv6k/fpu/libg.a(lib_a-svfprintf.o)
 .rodata._vfiprintf_r.str1.1
                0x0000000000122120       0x29 /opt/devkitpro/devkitARM/bin/../lib/gcc/arm-none-eabi/12.1.0/../../../../arm-none-eabi/lib/armv6k/fpu/libg.a(lib_a-vfiprintf.o)
 .rodata.zeroes.0
                0x0000000000122120       0x10 /opt/devkitpro/devkitARM/bin/../lib/gcc/arm-none-eabi/12.1.0/../../../../arm-none-eabi/lib/armv6k/fpu/libg.a(lib_a-vfiprintf.o)
 .rodata.blanks.1
                0x0000000000122130       0x10 /opt/devkitpro/devkitARM/bin/../lib/gcc/arm-none-eabi/12.1.0/../../../../arm-none-eabi/lib/armv6k/fpu/libg.a(lib_a-vfiprintf.o)
 .rodata.__assert_func.str1.4
                0x0000000000122140       0x3f /opt/devkitpro/devkitARM/bin/../lib/gcc/arm-none-eabi/12.1.0/../../../../arm-none-eabi/lib/armv6k/fpu/libg.a(lib_a-assert.o)
                                         0x43 (size before relaxing)
 *fill*         0x000000000012217f        0x1 
 .rodata.__gethex.str1.4
                0x0000000000122180       0x50 /opt/devkitpro/devkitARM/bin/../lib/gcc/arm-none-eabi/12.1.0/../../../../arm-none-eabi/lib/armv6k/fpu/libg.a(lib_a-gdtoa-gethex.o)
                                         0x68 (size before relaxing)
 .rodata.__hexdig
                0x00000000001221d0      0x100 /opt/devkitpro/devkitARM/bin/../lib/gcc/arm-none-eabi/12.1.0/../../../../arm-none-eabi/lib/armv6k/fpu/libg.a(lib_a-gdtoa-gethex.o)
                0x00000000001221d0                __hexdig
 .rodata._jp2uc_l.str1.4
                0x00000000001222d0       0x12 /opt/devkitpro/devkitARM/bin/../lib/gcc/arm-none-eabi/12.1.0/../../../../arm-none-eabi/lib/armv6k/fpu/libg.a(lib_a-jp2uc.o)
 *fill*         0x00000000001222e2        0x2 
 .rodata.d02f4  0x00000000001222e4     0x1a7c /opt/devkitpro/devkitARM/bin/../lib/gcc/arm-none-eabi/12.1.0/../../../../arm-none-eabi/lib/armv6k/fpu/libg.a(lib_a-jp2uc.o)
 .rodata.b02cf  0x0000000000123d60     0x172a /opt/devkitpro/devkitARM/bin/../lib/gcc/arm-none-eabi/12.1.0/../../../../arm-none-eabi/lib/armv6k/fpu/libg.a(lib_a-jp2uc.o)
 *fill*         0x000000000012548a        0x2 
 .rodata.a8     0x000000000012548c       0x40 /opt/devkitpro/devkitARM/bin/../lib/gcc/arm-none-eabi/12.1.0/../../../../arm-none-eabi/lib/armv6k/fpu/libg.a(lib_a-jp2uc.o)
 .rodata.a7     0x00000000001254cc       0xa2 /opt/devkitpro/devkitARM/bin/../lib/gcc/arm-none-eabi/12.1.0/../../../../arm-none-eabi/lib/armv6k/fpu/libg.a(lib_a-jp2uc.o)
 *fill*         0x000000000012556e        0x2 
 .rodata.a6     0x0000000000125570       0x70 /opt/devkitpro/devkitARM/bin/../lib/gcc/arm-none-eabi/12.1.0/../../../../arm-none-eabi/lib/armv6k/fpu/libg.a(lib_a-jp2uc.o)
 .rodata.a3     0x00000000001255e0       0x5b /opt/devkitpro/devkitARM/bin/../lib/gcc/arm-none-eabi/12.1.0/../../../../arm-none-eabi/lib/armv6k/fpu/libg.a(lib_a-jp2uc.o)
 *fill*         0x000000000012563b        0x1 
 .rodata.a2     0x000000000012563c       0xbc /opt/devkitpro/devkitARM/bin/../lib/gcc/arm-none-eabi/12.1.0/../../../../arm-none-eabi/lib/armv6k/fpu/libg.a(lib_a-jp2uc.o)
 .rodata.a1     0x00000000001256f8       0xbc /opt/devkitpro/devkitARM/bin/../lib/gcc/arm-none-eabi/12.1.0/../../../../arm-none-eabi/lib/armv6k/fpu/libg.a(lib_a-jp2uc.o)
 .rodata.categories
                0x00000000001257b4     0x3528 /opt/devkitpro/devkitARM/bin/../lib/gcc/arm-none-eabi/12.1.0/../../../../arm-none-eabi/lib/armv6k/fpu/libg.a(lib_a-categories.o)
 .rodata.AddDevice.str1.4